Archive member included because of file (symbol)

stm32f3_discovery.a(stm32f3_discovery.o)
                              src/peripherals.o (STM_EVAL_LEDInit)
stm32f3_discovery.a(stm32f3_discovery_l3gd20.o)
                              src/peripherals.o (L3GD20_Init)
stm32f3_discovery.a(stm32f3_discovery_lsm303dlhc.o)
                              src/peripherals.o (LSM303DLHC_AccInit)
stm32f30x_stdperiph_driver.a(stm32f30x_exti.o)
                              src/hw_config.o (EXTI_Init)
stm32f30x_stdperiph_driver.a(stm32f30x_flash.o)
                              src/peripherals.o (FLASH_Unlock)
stm32f30x_stdperiph_driver.a(stm32f30x_gpio.o)
                              src/hw_config.o (GPIO_Init)
stm32f30x_stdperiph_driver.a(stm32f30x_i2c.o)
                              stm32f3_discovery.a(stm32f3_discovery_lsm303dlhc.o) (I2C_Init)
stm32f30x_stdperiph_driver.a(stm32f30x_misc.o)
                              src/hw_config.o (NVIC_PriorityGroupConfig)
stm32f30x_stdperiph_driver.a(stm32f30x_rcc.o)
                              src/hw_config.o (RCC_HSEConfig)
stm32f30x_stdperiph_driver.a(stm32f30x_spi.o)
                              stm32f3_discovery.a(stm32f3_discovery_l3gd20.o) (SPI_I2S_DeInit)
stm32f30x_stdperiph_driver.a(stm32f30x_syscfg.o)
                              stm32f3_discovery.a(stm32f3_discovery.o) (SYSCFG_EXTILineConfig)
stm32_usbfs_driver.a(usb_core.o)
                              src/usb_prop.o (Standard_GetDescriptorData)
stm32_usbfs_driver.a(usb_init.o)
                              src/usb_prop.o (pInformation)
stm32_usbfs_driver.a(usb_int.o)
                              stm32_usbfs_driver.a(usb_core.o) (SaveRState)
stm32_usbfs_driver.a(usb_mem.o)
                              stm32_usbfs_driver.a(usb_core.o) (UserToPMABufferCopy)
stm32_usbfs_driver.a(usb_regs.o)
                              src/usb_prop.o (SetBTABLE)
stm32_usbfs_driver.a(usb_sil.o)
                              src/usb_prop.o (USB_SIL_Init)

Allocating common symbols
Common symbol       size              file

SaveRState          0x2               stm32_usbfs_driver.a(usb_int.o)
HSEStartUpStatus    0x1               src/hw_config.o
dataToBeSent        0x3e              src/main.o
SaveState           0x2               stm32_usbfs_driver.a(usb_init.o)
accBuffer           0xc               src/main.o
featureReportData   0x80              src/usb_prop.o
ProtocolValue       0x4               src/usb_prop.o
accScalingFactors   0xc               src/peripherals.o
dataDisplayInfo     0x38              src/main.o
wIstr               0x2               src/usb_istr.o
pProperty           0x4               stm32_usbfs_driver.a(usb_init.o)
tempBuffer          0x2               src/main.o
EPindex             0x1               stm32_usbfs_driver.a(usb_init.o)
EP0debugBuffer      0x80              src/usb_prop.o
SaveTState          0x2               stm32_usbfs_driver.a(usb_int.o)
Device_Info         0x1c              stm32_usbfs_driver.a(usb_init.o)
magBuffer           0x6               src/main.o
pUser_Standard_Requests
                    0x4               stm32_usbfs_driver.a(usb_init.o)
EP1debugBuffer      0x80              src/main.o
StatusInfo          0x2               stm32_usbfs_driver.a(usb_core.o)
pInformation        0x4               stm32_usbfs_driver.a(usb_init.o)
dataConfig          0x7               src/main.o
ResumeS             0x2               src/usb_pwr.o
dataScale           0x8               src/main.o
magScalingFactors   0xc               src/peripherals.o
currentGyroScale    0x2               src/peripherals.o
gyroBiasCalValue    0x4               src/peripherals.o
gyroScalingFactors  0xc               src/peripherals.o
RCC_Clocks          0x3c              src/main.o
EXTI_InitStructure  0x8               src/hw_config.o
wInterrupt_Mask     0x2               stm32_usbfs_driver.a(usb_init.o)
dataKeepAlive       0x5               src/main.o
gyroBuffer          0xc               src/main.o

Discarded input sections

 .text          0x00000000        0x0 src/hw_config.o
 .data          0x00000000        0x0 src/hw_config.o
 .bss           0x00000000        0x0 src/hw_config.o
 .text.GPIO_AINConfig
                0x00000000       0x54 src/hw_config.o
 .text          0x00000000        0x0 src/main.o
 .data          0x00000000        0x0 src/main.o
 .bss           0x00000000        0x0 src/main.o
 .text          0x00000000        0x0 src/peripherals.o
 .data          0x00000000        0x0 src/peripherals.o
 .bss           0x00000000        0x0 src/peripherals.o
 .text._setAll3ScalingFactors
                0x00000000       0x10 src/peripherals.o
 .text.saveCalibrationToFlash
                0x00000000       0x7c src/peripherals.o
 .text.LED_out  0x00000000       0x14 src/peripherals.o
 .text.LEDs_Off
                0x00000000       0x14 src/peripherals.o
 .text          0x00000000        0x0 src/stm32f30x_it.o
 .data          0x00000000        0x0 src/stm32f30x_it.o
 .bss           0x00000000        0x0 src/stm32f30x_it.o
 .text          0x00000000        0x0 src/system_stm32f30x.o
 .data          0x00000000        0x0 src/system_stm32f30x.o
 .bss           0x00000000        0x0 src/system_stm32f30x.o
 .data.SystemCoreClock
                0x00000000        0x4 src/system_stm32f30x.o
 .data.AHBPrescTable
                0x00000000       0x10 src/system_stm32f30x.o
 .text.SystemCoreClockUpdate
                0x00000000       0xd4 src/system_stm32f30x.o
 .text          0x00000000        0x0 src/usb_desc.o
 .data          0x00000000        0x0 src/usb_desc.o
 .bss           0x00000000        0x0 src/usb_desc.o
 .text          0x00000000        0x0 src/usb_endp.o
 .data          0x00000000        0x0 src/usb_endp.o
 .bss           0x00000000        0x0 src/usb_endp.o
 .text          0x00000000        0x0 src/usb_istr.o
 .data          0x00000000        0x0 src/usb_istr.o
 .bss           0x00000000        0x0 src/usb_istr.o
 .text          0x00000000        0x0 src/usb_prop.o
 .data          0x00000000        0x0 src/usb_prop.o
 .bss           0x00000000        0x0 src/usb_prop.o
 .text          0x00000000        0x0 src/usb_pwr.o
 .data          0x00000000        0x0 src/usb_pwr.o
 .bss           0x00000000        0x0 src/usb_pwr.o
 .text.PowerOff
                0x00000000       0x2c src/usb_pwr.o
 .text          0x00000000        0x0 stm32f3_discovery.a(stm32f3_discovery.o)
 .data          0x00000000        0x0 stm32f3_discovery.a(stm32f3_discovery.o)
 .bss           0x00000000        0x0 stm32f3_discovery.a(stm32f3_discovery.o)
 .rodata.BUTTON_PIN
                0x00000000        0x4 stm32f3_discovery.a(stm32f3_discovery.o)
 .rodata.BUTTON_CLK
                0x00000000        0x4 stm32f3_discovery.a(stm32f3_discovery.o)
 .rodata.BUTTON_EXTI_LINE
                0x00000000        0x4 stm32f3_discovery.a(stm32f3_discovery.o)
 .rodata.BUTTON_PORT_SOURCE
                0x00000000        0x4 stm32f3_discovery.a(stm32f3_discovery.o)
 .rodata.BUTTON_PIN_SOURCE
                0x00000000        0x4 stm32f3_discovery.a(stm32f3_discovery.o)
 .rodata.BUTTON_IRQn
                0x00000000        0x4 stm32f3_discovery.a(stm32f3_discovery.o)
 .text.STM_EVAL_LEDToggle
                0x00000000       0x40 stm32f3_discovery.a(stm32f3_discovery.o)
 .text          0x00000000        0x0 stm32f3_discovery.a(stm32f3_discovery_l3gd20.o)
 .data          0x00000000        0x0 stm32f3_discovery.a(stm32f3_discovery_l3gd20.o)
 .bss           0x00000000        0x0 stm32f3_discovery.a(stm32f3_discovery_l3gd20.o)
 .text.L3GD20_RebootCmd
                0x00000000       0x30 stm32f3_discovery.a(stm32f3_discovery_l3gd20.o)
 .text.L3GD20_INT1InterruptConfig
                0x00000000       0x84 stm32f3_discovery.a(stm32f3_discovery_l3gd20.o)
 .text.L3GD20_INT1InterruptCmd
                0x00000000       0x40 stm32f3_discovery.a(stm32f3_discovery_l3gd20.o)
 .text.L3GD20_INT2InterruptCmd
                0x00000000       0x40 stm32f3_discovery.a(stm32f3_discovery_l3gd20.o)
 .text.L3GD20_FilterConfig
                0x00000000       0x48 stm32f3_discovery.a(stm32f3_discovery_l3gd20.o)
 .text.L3GD20_FilterCmd
                0x00000000       0x40 stm32f3_discovery.a(stm32f3_discovery_l3gd20.o)
 .text.L3GD20_GetDataStatus
                0x00000000       0x1c stm32f3_discovery.a(stm32f3_discovery_l3gd20.o)
 .text          0x00000000        0x0 stm32f3_discovery.a(stm32f3_discovery_lsm303dlhc.o)
 .data          0x00000000        0x0 stm32f3_discovery.a(stm32f3_discovery_lsm303dlhc.o)
 .bss           0x00000000        0x0 stm32f3_discovery.a(stm32f3_discovery_lsm303dlhc.o)
 .text.LSM303DLHC_AccRebootCmd
                0x00000000       0x30 stm32f3_discovery.a(stm32f3_discovery_lsm303dlhc.o)
 .text.LSM303DLHC_AccFilterConfig
                0x00000000       0x5c stm32f3_discovery.a(stm32f3_discovery_lsm303dlhc.o)
 .text.LSM303DLHC_AccFilterCmd
                0x00000000       0x44 stm32f3_discovery.a(stm32f3_discovery_lsm303dlhc.o)
 .text.LSM303DLHC_AccFilterClickCmd
                0x00000000       0x44 stm32f3_discovery.a(stm32f3_discovery_lsm303dlhc.o)
 .text.LSM303DLHC_AccIT1Config
                0x00000000       0x64 stm32f3_discovery.a(stm32f3_discovery_lsm303dlhc.o)
 .text.LSM303DLHC_AccIT2Config
                0x00000000       0x64 stm32f3_discovery.a(stm32f3_discovery_lsm303dlhc.o)
 .text.LSM303DLHC_AccINT1InterruptConfig
                0x00000000       0x5c stm32f3_discovery.a(stm32f3_discovery_lsm303dlhc.o)
 .text.LSM303DLHC_AccINT2InterruptConfig
                0x00000000       0x5c stm32f3_discovery.a(stm32f3_discovery_lsm303dlhc.o)
 .text.LSM303DLHC_AccClickITConfig
                0x00000000       0x4c stm32f3_discovery.a(stm32f3_discovery_lsm303dlhc.o)
 .text.LSM303DLHC_AccGetDataStatus
                0x00000000       0x20 stm32f3_discovery.a(stm32f3_discovery_lsm303dlhc.o)
 .text.LSM303DLHC_MagGetDataStatus
                0x00000000       0x20 stm32f3_discovery.a(stm32f3_discovery_lsm303dlhc.o)
 .text          0x00000000        0x0 stm32f30x_stdperiph_driver.a(stm32f30x_exti.o)
 .data          0x00000000        0x0 stm32f30x_stdperiph_driver.a(stm32f30x_exti.o)
 .bss           0x00000000        0x0 stm32f30x_stdperiph_driver.a(stm32f30x_exti.o)
 .text.EXTI_DeInit
                0x00000000       0x5c stm32f30x_stdperiph_driver.a(stm32f30x_exti.o)
 .text.EXTI_StructInit
                0x00000000       0x2c stm32f30x_stdperiph_driver.a(stm32f30x_exti.o)
 .text.EXTI_GenerateSWInterrupt
                0x00000000       0x40 stm32f30x_stdperiph_driver.a(stm32f30x_exti.o)
 .text.EXTI_GetFlagStatus
                0x00000000       0x48 stm32f30x_stdperiph_driver.a(stm32f30x_exti.o)
 .text.EXTI_ClearFlag
                0x00000000       0x30 stm32f30x_stdperiph_driver.a(stm32f30x_exti.o)
 .text.EXTI_GetITStatus
                0x00000000       0x70 stm32f30x_stdperiph_driver.a(stm32f30x_exti.o)
 .text          0x00000000        0x0 stm32f30x_stdperiph_driver.a(stm32f30x_flash.o)
 .data          0x00000000        0x0 stm32f30x_stdperiph_driver.a(stm32f30x_flash.o)
 .bss           0x00000000        0x0 stm32f30x_stdperiph_driver.a(stm32f30x_flash.o)
 .text.FLASH_SetLatency
                0x00000000       0x38 stm32f30x_stdperiph_driver.a(stm32f30x_flash.o)
 .text.FLASH_HalfCycleAccessCmd
                0x00000000       0x38 stm32f30x_stdperiph_driver.a(stm32f30x_flash.o)
 .text.FLASH_PrefetchBufferCmd
                0x00000000       0x38 stm32f30x_stdperiph_driver.a(stm32f30x_flash.o)
 .text.FLASH_EraseAllPages
                0x00000000       0x5c stm32f30x_stdperiph_driver.a(stm32f30x_flash.o)
 .text.FLASH_ProgramHalfWord
                0x00000000       0x5c stm32f30x_stdperiph_driver.a(stm32f30x_flash.o)
 .text.FLASH_OB_Unlock
                0x00000000       0x30 stm32f30x_stdperiph_driver.a(stm32f30x_flash.o)
 .text.FLASH_OB_Lock
                0x00000000       0x1c stm32f30x_stdperiph_driver.a(stm32f30x_flash.o)
 .text.FLASH_OB_Launch
                0x00000000       0x1c stm32f30x_stdperiph_driver.a(stm32f30x_flash.o)
 .text.FLASH_OB_Erase
                0x00000000       0xbc stm32f30x_stdperiph_driver.a(stm32f30x_flash.o)
 .text.FLASH_OB_EnableWRP
                0x00000000       0xa8 stm32f30x_stdperiph_driver.a(stm32f30x_flash.o)
 .text.FLASH_OB_RDPConfig
                0x00000000       0xb0 stm32f30x_stdperiph_driver.a(stm32f30x_flash.o)
 .text.FLASH_OB_UserConfig
                0x00000000       0x90 stm32f30x_stdperiph_driver.a(stm32f30x_flash.o)
 .text.FLASH_OB_BOOTConfig
                0x00000000       0x7c stm32f30x_stdperiph_driver.a(stm32f30x_flash.o)
 .text.FLASH_OB_VDDAConfig
                0x00000000       0x7c stm32f30x_stdperiph_driver.a(stm32f30x_flash.o)
 .text.FLASH_OB_SRAMParityConfig
                0x00000000       0x68 stm32f30x_stdperiph_driver.a(stm32f30x_flash.o)
 .text.FLASH_OB_WriteUser
                0x00000000       0x7c stm32f30x_stdperiph_driver.a(stm32f30x_flash.o)
 .text.FLASH_ProgramOptionByteData
                0x00000000       0x64 stm32f30x_stdperiph_driver.a(stm32f30x_flash.o)
 .text.FLASH_OB_GetUser
                0x00000000       0x1c stm32f30x_stdperiph_driver.a(stm32f30x_flash.o)
 .text.FLASH_OB_GetWRP
                0x00000000       0x18 stm32f30x_stdperiph_driver.a(stm32f30x_flash.o)
 .text.FLASH_OB_GetRDP
                0x00000000       0x34 stm32f30x_stdperiph_driver.a(stm32f30x_flash.o)
 .text.FLASH_ITConfig
                0x00000000       0x3c stm32f30x_stdperiph_driver.a(stm32f30x_flash.o)
 .text.FLASH_GetFlagStatus
                0x00000000       0x34 stm32f30x_stdperiph_driver.a(stm32f30x_flash.o)
 .text          0x00000000        0x0 stm32f30x_stdperiph_driver.a(stm32f30x_gpio.o)
 .data          0x00000000        0x0 stm32f30x_stdperiph_driver.a(stm32f30x_gpio.o)
 .bss           0x00000000        0x0 stm32f30x_stdperiph_driver.a(stm32f30x_gpio.o)
 .text.GPIO_DeInit
                0x00000000       0xd4 stm32f30x_stdperiph_driver.a(stm32f30x_gpio.o)
 .text.GPIO_StructInit
                0x00000000       0x34 stm32f30x_stdperiph_driver.a(stm32f30x_gpio.o)
 .text.GPIO_PinLockConfig
                0x00000000       0x44 stm32f30x_stdperiph_driver.a(stm32f30x_gpio.o)
 .text.GPIO_ReadInputData
                0x00000000       0x1c stm32f30x_stdperiph_driver.a(stm32f30x_gpio.o)
 .text.GPIO_ReadOutputDataBit
                0x00000000       0x38 stm32f30x_stdperiph_driver.a(stm32f30x_gpio.o)
 .text.GPIO_ReadOutputData
                0x00000000       0x1c stm32f30x_stdperiph_driver.a(stm32f30x_gpio.o)
 .text.GPIO_WriteBit
                0x00000000       0x30 stm32f30x_stdperiph_driver.a(stm32f30x_gpio.o)
 .text.GPIO_Write
                0x00000000       0x1c stm32f30x_stdperiph_driver.a(stm32f30x_gpio.o)
 .text          0x00000000        0x0 stm32f30x_stdperiph_driver.a(stm32f30x_i2c.o)
 .data          0x00000000        0x0 stm32f30x_stdperiph_driver.a(stm32f30x_i2c.o)
 .bss           0x00000000        0x0 stm32f30x_stdperiph_driver.a(stm32f30x_i2c.o)
 .text.I2C_DeInit
                0x00000000       0x44 stm32f30x_stdperiph_driver.a(stm32f30x_i2c.o)
 .text.I2C_StructInit
                0x00000000       0x40 stm32f30x_stdperiph_driver.a(stm32f30x_i2c.o)
 .text.I2C_SoftwareResetCmd
                0x00000000       0x30 stm32f30x_stdperiph_driver.a(stm32f30x_i2c.o)
 .text.I2C_ITConfig
                0x00000000       0x3c stm32f30x_stdperiph_driver.a(stm32f30x_i2c.o)
 .text.I2C_StretchClockCmd
                0x00000000       0x38 stm32f30x_stdperiph_driver.a(stm32f30x_i2c.o)
 .text.I2C_StopModeCmd
                0x00000000       0x38 stm32f30x_stdperiph_driver.a(stm32f30x_i2c.o)
 .text.I2C_DualAddressCmd
                0x00000000       0x38 stm32f30x_stdperiph_driver.a(stm32f30x_i2c.o)
 .text.I2C_OwnAddress2Config
                0x00000000       0x4c stm32f30x_stdperiph_driver.a(stm32f30x_i2c.o)
 .text.I2C_GeneralCallCmd
                0x00000000       0x38 stm32f30x_stdperiph_driver.a(stm32f30x_i2c.o)
 .text.I2C_SlaveByteControlCmd
                0x00000000       0x38 stm32f30x_stdperiph_driver.a(stm32f30x_i2c.o)
 .text.I2C_SlaveAddressConfig
                0x00000000       0x40 stm32f30x_stdperiph_driver.a(stm32f30x_i2c.o)
 .text.I2C_10BitAddressingModeCmd
                0x00000000       0x38 stm32f30x_stdperiph_driver.a(stm32f30x_i2c.o)
 .text.I2C_AutoEndCmd
                0x00000000       0x38 stm32f30x_stdperiph_driver.a(stm32f30x_i2c.o)
 .text.I2C_ReloadCmd
                0x00000000       0x38 stm32f30x_stdperiph_driver.a(stm32f30x_i2c.o)
 .text.I2C_NumberOfBytesConfig
                0x00000000       0x3c stm32f30x_stdperiph_driver.a(stm32f30x_i2c.o)
 .text.I2C_MasterRequestConfig
                0x00000000       0x38 stm32f30x_stdperiph_driver.a(stm32f30x_i2c.o)
 .text.I2C_GenerateSTART
                0x00000000       0x38 stm32f30x_stdperiph_driver.a(stm32f30x_i2c.o)
 .text.I2C_GenerateSTOP
                0x00000000       0x38 stm32f30x_stdperiph_driver.a(stm32f30x_i2c.o)
 .text.I2C_10BitAddressHeaderCmd
                0x00000000       0x38 stm32f30x_stdperiph_driver.a(stm32f30x_i2c.o)
 .text.I2C_AcknowledgeConfig
                0x00000000       0x38 stm32f30x_stdperiph_driver.a(stm32f30x_i2c.o)
 .text.I2C_GetAddressMatched
                0x00000000       0x20 stm32f30x_stdperiph_driver.a(stm32f30x_i2c.o)
 .text.I2C_GetTransferDirection
                0x00000000       0x3c stm32f30x_stdperiph_driver.a(stm32f30x_i2c.o)
 .text.I2C_SMBusAlertCmd
                0x00000000       0x38 stm32f30x_stdperiph_driver.a(stm32f30x_i2c.o)
 .text.I2C_ClockTimeoutCmd
                0x00000000       0x38 stm32f30x_stdperiph_driver.a(stm32f30x_i2c.o)
 .text.I2C_ExtendedClockTimeoutCmd
                0x00000000       0x38 stm32f30x_stdperiph_driver.a(stm32f30x_i2c.o)
 .text.I2C_IdleClockTimeoutCmd
                0x00000000       0x38 stm32f30x_stdperiph_driver.a(stm32f30x_i2c.o)
 .text.I2C_TimeoutAConfig
                0x00000000       0x40 stm32f30x_stdperiph_driver.a(stm32f30x_i2c.o)
 .text.I2C_TimeoutBConfig
                0x00000000       0x44 stm32f30x_stdperiph_driver.a(stm32f30x_i2c.o)
 .text.I2C_CalculatePEC
                0x00000000       0x38 stm32f30x_stdperiph_driver.a(stm32f30x_i2c.o)
 .text.I2C_PECRequestCmd
                0x00000000       0x38 stm32f30x_stdperiph_driver.a(stm32f30x_i2c.o)
 .text.I2C_GetPEC
                0x00000000       0x1c stm32f30x_stdperiph_driver.a(stm32f30x_i2c.o)
 .text.I2C_ReadRegister
                0x00000000       0x2c stm32f30x_stdperiph_driver.a(stm32f30x_i2c.o)
 .text.I2C_DMACmd
                0x00000000       0x3c stm32f30x_stdperiph_driver.a(stm32f30x_i2c.o)
 .text.I2C_GetITStatus
                0x00000000       0x80 stm32f30x_stdperiph_driver.a(stm32f30x_i2c.o)
 .text.I2C_ClearITPendingBit
                0x00000000       0x1c stm32f30x_stdperiph_driver.a(stm32f30x_i2c.o)
 .text          0x00000000        0x0 stm32f30x_stdperiph_driver.a(stm32f30x_misc.o)
 .data          0x00000000        0x0 stm32f30x_stdperiph_driver.a(stm32f30x_misc.o)
 .bss           0x00000000        0x0 stm32f30x_stdperiph_driver.a(stm32f30x_misc.o)
 .text.NVIC_SetVectorTable
                0x00000000       0x2c stm32f30x_stdperiph_driver.a(stm32f30x_misc.o)
 .text.NVIC_SystemLPConfig
                0x00000000       0x40 stm32f30x_stdperiph_driver.a(stm32f30x_misc.o)
 .text.SysTick_CLKSourceConfig
                0x00000000       0x38 stm32f30x_stdperiph_driver.a(stm32f30x_misc.o)
 .text          0x00000000        0x0 stm32f30x_stdperiph_driver.a(stm32f30x_rcc.o)
 .data          0x00000000        0x0 stm32f30x_stdperiph_driver.a(stm32f30x_rcc.o)
 .bss           0x00000000        0x0 stm32f30x_stdperiph_driver.a(stm32f30x_rcc.o)
 .text.RCC_DeInit
                0x00000000       0x7c stm32f30x_stdperiph_driver.a(stm32f30x_rcc.o)
 .text.RCC_AdjustHSICalibrationValue
                0x00000000       0x3c stm32f30x_stdperiph_driver.a(stm32f30x_rcc.o)
 .text.RCC_HSICmd
                0x00000000       0x20 stm32f30x_stdperiph_driver.a(stm32f30x_rcc.o)
 .text.RCC_LSEConfig
                0x00000000       0x3c stm32f30x_stdperiph_driver.a(stm32f30x_rcc.o)
 .text.RCC_LSEDriveConfig
                0x00000000       0x30 stm32f30x_stdperiph_driver.a(stm32f30x_rcc.o)
 .text.RCC_LSICmd
                0x00000000       0x20 stm32f30x_stdperiph_driver.a(stm32f30x_rcc.o)
 .text.RCC_PLLConfig
                0x00000000       0x34 stm32f30x_stdperiph_driver.a(stm32f30x_rcc.o)
 .text.RCC_PREDIV1Config
                0x00000000       0x38 stm32f30x_stdperiph_driver.a(stm32f30x_rcc.o)
 .text.RCC_ClockSecuritySystemCmd
                0x00000000       0x20 stm32f30x_stdperiph_driver.a(stm32f30x_rcc.o)
 .text.RCC_MCOConfig
                0x00000000       0x20 stm32f30x_stdperiph_driver.a(stm32f30x_rcc.o)
 .text.RCC_HCLKConfig
                0x00000000       0x38 stm32f30x_stdperiph_driver.a(stm32f30x_rcc.o)
 .text.RCC_PCLK1Config
                0x00000000       0x38 stm32f30x_stdperiph_driver.a(stm32f30x_rcc.o)
 .text.RCC_PCLK2Config
                0x00000000       0x38 stm32f30x_stdperiph_driver.a(stm32f30x_rcc.o)
 .text.RCC_ADCCLKConfig
                0x00000000       0x4c stm32f30x_stdperiph_driver.a(stm32f30x_rcc.o)
 .text.RCC_I2CCLKConfig
                0x00000000       0x4c stm32f30x_stdperiph_driver.a(stm32f30x_rcc.o)
 .text.RCC_TIMCLKConfig
                0x00000000       0x4c stm32f30x_stdperiph_driver.a(stm32f30x_rcc.o)
 .text.RCC_USARTCLKConfig
                0x00000000       0x98 stm32f30x_stdperiph_driver.a(stm32f30x_rcc.o)
 .text.RCC_RTCCLKConfig
                0x00000000       0x24 stm32f30x_stdperiph_driver.a(stm32f30x_rcc.o)
 .text.RCC_I2SCLKConfig
                0x00000000       0x1c stm32f30x_stdperiph_driver.a(stm32f30x_rcc.o)
 .text.RCC_RTCCLKCmd
                0x00000000       0x20 stm32f30x_stdperiph_driver.a(stm32f30x_rcc.o)
 .text.RCC_BackupResetCmd
                0x00000000       0x20 stm32f30x_stdperiph_driver.a(stm32f30x_rcc.o)
 .text.RCC_AHBPeriphResetCmd
                0x00000000       0x3c stm32f30x_stdperiph_driver.a(stm32f30x_rcc.o)
 .text.RCC_ITConfig
                0x00000000       0x48 stm32f30x_stdperiph_driver.a(stm32f30x_rcc.o)
 .text.RCC_ClearFlag
                0x00000000       0x1c stm32f30x_stdperiph_driver.a(stm32f30x_rcc.o)
 .text.RCC_GetITStatus
                0x00000000       0x38 stm32f30x_stdperiph_driver.a(stm32f30x_rcc.o)
 .text.RCC_ClearITPendingBit
                0x00000000       0x20 stm32f30x_stdperiph_driver.a(stm32f30x_rcc.o)
 .text          0x00000000        0x0 stm32f30x_stdperiph_driver.a(stm32f30x_spi.o)
 .data          0x00000000        0x0 stm32f30x_stdperiph_driver.a(stm32f30x_spi.o)
 .bss           0x00000000        0x0 stm32f30x_stdperiph_driver.a(stm32f30x_spi.o)
 .text.SPI_StructInit
                0x00000000       0x4c stm32f30x_stdperiph_driver.a(stm32f30x_spi.o)
 .text.I2S_StructInit
                0x00000000       0x38 stm32f30x_stdperiph_driver.a(stm32f30x_spi.o)
 .text.I2S_Init
                0x00000000      0x178 stm32f30x_stdperiph_driver.a(stm32f30x_spi.o)
 .text.SPI_TIModeCmd
                0x00000000       0x40 stm32f30x_stdperiph_driver.a(stm32f30x_spi.o)
 .text.I2S_Cmd  0x00000000       0x40 stm32f30x_stdperiph_driver.a(stm32f30x_spi.o)
 .text.SPI_DataSizeConfig
                0x00000000       0x38 stm32f30x_stdperiph_driver.a(stm32f30x_spi.o)
 .text.SPI_BiDirectionalLineConfig
                0x00000000       0x40 stm32f30x_stdperiph_driver.a(stm32f30x_spi.o)
 .text.SPI_NSSInternalSoftwareConfig
                0x00000000       0x44 stm32f30x_stdperiph_driver.a(stm32f30x_spi.o)
 .text.I2S_FullDuplexConfig
                0x00000000       0x9c stm32f30x_stdperiph_driver.a(stm32f30x_spi.o)
 .text.SPI_SSOutputCmd
                0x00000000       0x40 stm32f30x_stdperiph_driver.a(stm32f30x_spi.o)
 .text.SPI_NSSPulseModeCmd
                0x00000000       0x40 stm32f30x_stdperiph_driver.a(stm32f30x_spi.o)
 .text.SPI_I2S_SendData16
                0x00000000       0x1c stm32f30x_stdperiph_driver.a(stm32f30x_spi.o)
 .text.SPI_I2S_ReceiveData16
                0x00000000       0x1c stm32f30x_stdperiph_driver.a(stm32f30x_spi.o)
 .text.SPI_CRCLengthConfig
                0x00000000       0x38 stm32f30x_stdperiph_driver.a(stm32f30x_spi.o)
 .text.SPI_CalculateCRC
                0x00000000       0x40 stm32f30x_stdperiph_driver.a(stm32f30x_spi.o)
 .text.SPI_TransmitCRC
                0x00000000       0x24 stm32f30x_stdperiph_driver.a(stm32f30x_spi.o)
 .text.SPI_GetCRC
                0x00000000       0x34 stm32f30x_stdperiph_driver.a(stm32f30x_spi.o)
 .text.SPI_GetCRCPolynomial
                0x00000000       0x1c stm32f30x_stdperiph_driver.a(stm32f30x_spi.o)
 .text.SPI_I2S_DMACmd
                0x00000000       0x48 stm32f30x_stdperiph_driver.a(stm32f30x_spi.o)
 .text.SPI_LastDMATransferCmd
                0x00000000       0x38 stm32f30x_stdperiph_driver.a(stm32f30x_spi.o)
 .text.SPI_I2S_ITConfig
                0x00000000       0x60 stm32f30x_stdperiph_driver.a(stm32f30x_spi.o)
 .text.SPI_GetTransmissionFIFOStatus
                0x00000000       0x20 stm32f30x_stdperiph_driver.a(stm32f30x_spi.o)
 .text.SPI_GetReceptionFIFOStatus
                0x00000000       0x20 stm32f30x_stdperiph_driver.a(stm32f30x_spi.o)
 .text.SPI_I2S_ClearFlag
                0x00000000       0x20 stm32f30x_stdperiph_driver.a(stm32f30x_spi.o)
 .text.SPI_I2S_GetITStatus
                0x00000000       0x78 stm32f30x_stdperiph_driver.a(stm32f30x_spi.o)
 .text          0x00000000        0x0 stm32f30x_stdperiph_driver.a(stm32f30x_syscfg.o)
 .data          0x00000000        0x0 stm32f30x_stdperiph_driver.a(stm32f30x_syscfg.o)
 .bss           0x00000000        0x0 stm32f30x_stdperiph_driver.a(stm32f30x_syscfg.o)
 .text.SYSCFG_DeInit
                0x00000000       0x4c stm32f30x_stdperiph_driver.a(stm32f30x_syscfg.o)
 .text.SYSCFG_MemoryRemapConfig
                0x00000000       0x38 stm32f30x_stdperiph_driver.a(stm32f30x_syscfg.o)
 .text.SYSCFG_DMAChannelRemapConfig
                0x00000000       0x3c stm32f30x_stdperiph_driver.a(stm32f30x_syscfg.o)
 .text.SYSCFG_TriggerRemapConfig
                0x00000000       0x3c stm32f30x_stdperiph_driver.a(stm32f30x_syscfg.o)
 .text.SYSCFG_EncoderRemapConfig
                0x00000000       0x30 stm32f30x_stdperiph_driver.a(stm32f30x_syscfg.o)
 .text.SYSCFG_USBInterruptLineRemapCmd
                0x00000000       0x20 stm32f30x_stdperiph_driver.a(stm32f30x_syscfg.o)
 .text.SYSCFG_I2CFastModePlusConfig
                0x00000000       0x3c stm32f30x_stdperiph_driver.a(stm32f30x_syscfg.o)
 .text.SYSCFG_ITConfig
                0x00000000       0x3c stm32f30x_stdperiph_driver.a(stm32f30x_syscfg.o)
 .text.SYSCFG_BreakConfig
                0x00000000       0x24 stm32f30x_stdperiph_driver.a(stm32f30x_syscfg.o)
 .text.SYSCFG_BypassParityCheckDisable
                0x00000000       0x18 stm32f30x_stdperiph_driver.a(stm32f30x_syscfg.o)
 .text.SYSCFG_SRAMWRPEnable
                0x00000000       0x24 stm32f30x_stdperiph_driver.a(stm32f30x_syscfg.o)
 .text.SYSCFG_GetFlagStatus
                0x00000000       0x34 stm32f30x_stdperiph_driver.a(stm32f30x_syscfg.o)
 .text.SYSCFG_ClearFlag
                0x00000000       0x24 stm32f30x_stdperiph_driver.a(stm32f30x_syscfg.o)
 .text          0x00000000        0x0 stm32_usbfs_driver.a(usb_core.o)
 .data          0x00000000        0x0 stm32_usbfs_driver.a(usb_core.o)
 .bss           0x00000000        0x0 stm32_usbfs_driver.a(usb_core.o)
 .text          0x00000000        0x0 stm32_usbfs_driver.a(usb_init.o)
 .data          0x00000000        0x0 stm32_usbfs_driver.a(usb_init.o)
 .bss           0x00000000        0x0 stm32_usbfs_driver.a(usb_init.o)
 .text          0x00000000        0x0 stm32_usbfs_driver.a(usb_int.o)
 .data          0x00000000        0x0 stm32_usbfs_driver.a(usb_int.o)
 .bss           0x00000000        0x0 stm32_usbfs_driver.a(usb_int.o)
 .text.CTR_HP   0x00000000       0xf0 stm32_usbfs_driver.a(usb_int.o)
 .text          0x00000000        0x0 stm32_usbfs_driver.a(usb_mem.o)
 .data          0x00000000        0x0 stm32_usbfs_driver.a(usb_mem.o)
 .bss           0x00000000        0x0 stm32_usbfs_driver.a(usb_mem.o)
 .text          0x00000000        0x0 stm32_usbfs_driver.a(usb_regs.o)
 .data          0x00000000        0x0 stm32_usbfs_driver.a(usb_regs.o)
 .bss           0x00000000        0x0 stm32_usbfs_driver.a(usb_regs.o)
 .text.SetCNTR  0x00000000       0x20 stm32_usbfs_driver.a(usb_regs.o)
 .text.GetCNTR  0x00000000       0x18 stm32_usbfs_driver.a(usb_regs.o)
 .text.SetISTR  0x00000000       0x20 stm32_usbfs_driver.a(usb_regs.o)
 .text.GetISTR  0x00000000       0x18 stm32_usbfs_driver.a(usb_regs.o)
 .text.GetFNR   0x00000000       0x18 stm32_usbfs_driver.a(usb_regs.o)
 .text.SetDADDR
                0x00000000       0x20 stm32_usbfs_driver.a(usb_regs.o)
 .text.GetDADDR
                0x00000000       0x18 stm32_usbfs_driver.a(usb_regs.o)
 .text.GetBTABLE
                0x00000000       0x18 stm32_usbfs_driver.a(usb_regs.o)
 .text.SetENDPOINT
                0x00000000       0x28 stm32_usbfs_driver.a(usb_regs.o)
 .text.GetENDPOINT
                0x00000000       0x28 stm32_usbfs_driver.a(usb_regs.o)
 .text.GetEPType
                0x00000000       0x2c stm32_usbfs_driver.a(usb_regs.o)
 .text.SetDouBleBuffEPStall
                0x00000000       0x58 stm32_usbfs_driver.a(usb_regs.o)
 .text.GetEPTxStatus
                0x00000000       0x2c stm32_usbfs_driver.a(usb_regs.o)
 .text.GetEPRxStatus
                0x00000000       0x2c stm32_usbfs_driver.a(usb_regs.o)
 .text.SetEP_KIND
                0x00000000       0x50 stm32_usbfs_driver.a(usb_regs.o)
 .text.ClearEP_KIND
                0x00000000       0x50 stm32_usbfs_driver.a(usb_regs.o)
 .text.Set_Status_Out
                0x00000000       0x50 stm32_usbfs_driver.a(usb_regs.o)
 .text.SetEPDoubleBuff
                0x00000000       0x50 stm32_usbfs_driver.a(usb_regs.o)
 .text.ClearEPDoubleBuff
                0x00000000       0x50 stm32_usbfs_driver.a(usb_regs.o)
 .text.GetTxStallStatus
                0x00000000       0x34 stm32_usbfs_driver.a(usb_regs.o)
 .text.GetRxStallStatus
                0x00000000       0x38 stm32_usbfs_driver.a(usb_regs.o)
 .text.ClearEP_CTR_RX
                0x00000000       0x3c stm32_usbfs_driver.a(usb_regs.o)
 .text.ClearEP_CTR_TX
                0x00000000       0x3c stm32_usbfs_driver.a(usb_regs.o)
 .text.ToggleDTOG_RX
                0x00000000       0x44 stm32_usbfs_driver.a(usb_regs.o)
 .text.ToggleDTOG_TX
                0x00000000       0x44 stm32_usbfs_driver.a(usb_regs.o)
 .text.SetEPAddress
                0x00000000       0x4c stm32_usbfs_driver.a(usb_regs.o)
 .text.GetEPAddress
                0x00000000       0x2c stm32_usbfs_driver.a(usb_regs.o)
 .text.SetEPCountRxReg
                0x00000000       0x64 stm32_usbfs_driver.a(usb_regs.o)
 .text.GetEPTxCount
                0x00000000       0x3c stm32_usbfs_driver.a(usb_regs.o)
 .text.SetEPDblBuffAddr
                0x00000000       0x64 stm32_usbfs_driver.a(usb_regs.o)
 .text.SetEPDblBuf0Addr
                0x00000000       0x40 stm32_usbfs_driver.a(usb_regs.o)
 .text.SetEPDblBuf1Addr
                0x00000000       0x40 stm32_usbfs_driver.a(usb_regs.o)
 .text.GetEPDblBuf0Addr
                0x00000000       0x38 stm32_usbfs_driver.a(usb_regs.o)
 .text.GetEPDblBuf1Addr
                0x00000000       0x38 stm32_usbfs_driver.a(usb_regs.o)
 .text.SetEPDblBuffCount
                0x00000000      0x138 stm32_usbfs_driver.a(usb_regs.o)
 .text.SetEPDblBuf0Count
                0x00000000       0xac stm32_usbfs_driver.a(usb_regs.o)
 .text.SetEPDblBuf1Count
                0x00000000       0xac stm32_usbfs_driver.a(usb_regs.o)
 .text.GetEPDblBuf0Count
                0x00000000       0x3c stm32_usbfs_driver.a(usb_regs.o)
 .text.GetEPDblBuf1Count
                0x00000000       0x3c stm32_usbfs_driver.a(usb_regs.o)
 .text.GetEPDblBufDir
                0x00000000       0x6c stm32_usbfs_driver.a(usb_regs.o)
 .text.FreeUserBuffer
                0x00000000       0x84 stm32_usbfs_driver.a(usb_regs.o)
 .text.ToWord   0x00000000       0x2c stm32_usbfs_driver.a(usb_regs.o)
 .text          0x00000000        0x0 stm32_usbfs_driver.a(usb_sil.o)
 .data          0x00000000        0x0 stm32_usbfs_driver.a(usb_sil.o)
 .bss           0x00000000        0x0 stm32_usbfs_driver.a(usb_sil.o)
 .text          0x00000000       0x14 startup.o
 .data          0x00000000        0x0 startup.o
 .bss           0x00000000        0x0 startup.o

Memory Configuration

Name             Origin             Length             Attributes
FLASH            0x08000000         0x00040000         xr
RAM              0x20000000         0x0000a000         xrw
MEMORY_B1        0x60000000         0x00000000         xr
CCMRAM           0x10000000         0x00002000         rw
*default*        0x00000000         0xffffffff

Linker script and memory map

LOAD /home/michael/gcc-arm-none-eabi-4_8-2013q4/bin/../lib/gcc/arm-none-eabi/4.8.3/../../../../arm-none-eabi/lib/armv7e-m/fpu/libm.a
LOAD /home/michael/gcc-arm-none-eabi-4_8-2013q4/bin/../lib/gcc/arm-none-eabi/4.8.3/../../../../arm-none-eabi/lib/armv7e-m/fpu/libc.a
LOAD src/hw_config.o
LOAD src/main.o
LOAD src/peripherals.o
LOAD src/stm32f30x_it.o
LOAD src/system_stm32f30x.o
LOAD src/usb_desc.o
LOAD src/usb_endp.o
LOAD src/usb_istr.o
LOAD src/usb_prop.o
LOAD src/usb_pwr.o
LOAD stm32f3_discovery.a
LOAD stm32f30x_stdperiph_driver.a
LOAD stm32_usbfs_driver.a
LOAD startup.o
START GROUP
LOAD /home/michael/gcc-arm-none-eabi-4_8-2013q4/bin/../lib/gcc/arm-none-eabi/4.8.3/armv7e-m/fpu/libgcc.a
LOAD /home/michael/gcc-arm-none-eabi-4_8-2013q4/bin/../lib/gcc/arm-none-eabi/4.8.3/../../../../arm-none-eabi/lib/armv7e-m/fpu/libg.a
LOAD /home/michael/gcc-arm-none-eabi-4_8-2013q4/bin/../lib/gcc/arm-none-eabi/4.8.3/../../../../arm-none-eabi/lib/armv7e-m/fpu/libc.a
END GROUP
                0x2000a000                _estack = 0x2000a000
                0x00000000                _Min_Heap_Size = 0x0
                0x00000200                _Min_Stack_Size = 0x200

.isr_vector     0x08000000      0x188
                0x08000000                . = ALIGN (0x4)
 *(.isr_vector)
 .isr_vector    0x08000000      0x188 startup.o
                0x08000000                g_pfnVectors
                0x08000188                . = ALIGN (0x4)

.text           0x08000188     0x5294
                0x08000188                . = ALIGN (0x4)
 *(.text)
 *(.text*)
 .text.Set_System
                0x08000188       0x9c src/hw_config.o
                0x08000188                Set_System
 .text.Set_USBClock
                0x08000224       0x18 src/hw_config.o
                0x08000224                Set_USBClock
 .text.Enter_LowPowerMode
                0x0800023c       0x18 src/hw_config.o
                0x0800023c                Enter_LowPowerMode
 .text.Leave_LowPowerMode
                0x08000254       0x78 src/hw_config.o
                0x08000254                Leave_LowPowerMode
 .text.USB_Interrupts_Config
                0x080002cc       0x50 src/hw_config.o
                0x080002cc                USB_Interrupts_Config
 .text.USB_Cable_Config
                0x0800031c       0x30 src/hw_config.o
                0x0800031c                USB_Cable_Config
 .text.Get_SerialNum
                0x0800034c       0x54 src/hw_config.o
                0x0800034c                Get_SerialNum
 .text.IntToUnicode
                0x080003a0       0x78 src/hw_config.o
 .text.NVIC_SetPriority
                0x08000418       0x54 src/main.o
 .text.SysTick_Config
                0x0800046c       0x54 src/main.o
 .text.main     0x080004c0      0x1b0 src/main.o
                0x080004c0                main
 .text.memcpy_atomic
                0x08000670       0x40 src/main.o
                0x08000670                memcpy_atomic
 .text.handleConfigPacketEvent
                0x080006b0      0x14c src/main.o
                0x080006b0                handleConfigPacketEvent
 .text.USB_Config
                0x080007fc       0x24 src/main.o
                0x080007fc                USB_Config
 .text.initDefaultRiftSettings
                0x08000820      0x154 src/main.o
                0x08000820                initDefaultRiftSettings
 .text.packSensorDataBlock
                0x08000974       0x9c src/main.o
                0x08000974                packSensorDataBlock
 .text.packFoculusdataBlock
                0x08000a10       0xa0 src/main.o
                0x08000a10                packFoculusdataBlock
 .text.SysTick_Handler
                0x08000ab0       0x3c src/peripherals.o
                0x08000ab0                SysTick_Handler
 .text.delayms  0x08000aec       0x10 src/peripherals.o
                0x08000aec                delayms
 .text.initSensorGyro
                0x08000afc       0xe0 src/peripherals.o
                0x08000afc                initSensorGyro
 .text.doGyroBiasCalibration
                0x08000bdc      0x1e8 src/peripherals.o
                0x08000bdc                doGyroBiasCalibration
 .text.restoreCalibrationFromFlash
                0x08000dc4       0x54 src/peripherals.o
                0x08000dc4                restoreCalibrationFromFlash
 .text.initSensorAccMag
                0x08000e18      0x16c src/peripherals.o
                0x08000e18                initSensorAccMag
 .text.isGyroNewData
                0x08000f84       0x18 src/peripherals.o
                0x08000f84                isGyroNewData
 .text.readSensorGyro
                0x08000f9c       0xc8 src/peripherals.o
                0x08000f9c                readSensorGyro
 .text.isAccNewData
                0x08001064        0xc src/peripherals.o
                0x08001064                isAccNewData
 .text.readSensorAcc
                0x08001070       0x90 src/peripherals.o
                0x08001070                readSensorAcc
 .text.isMagNewData
                0x08001100        0xc src/peripherals.o
                0x08001100                isMagNewData
 .text.readSensorMag
                0x0800110c       0x98 src/peripherals.o
                0x0800110c                readSensorMag
 .text.LED_Config
                0x080011a4       0x1c src/peripherals.o
                0x080011a4                LED_Config
 .text.LED_out_byte
                0x080011c0       0x28 src/peripherals.o
                0x080011c0                LED_out_byte
 .text.LED_ani_run
                0x080011e8       0x54 src/peripherals.o
                0x080011e8                LED_ani_run
 .text.LED_ani_idle
                0x0800123c       0xe4 src/peripherals.o
                0x0800123c                LED_ani_idle
 .text.NMI_Handler
                0x08001320        0xc src/stm32f30x_it.o
                0x08001320                NMI_Handler
 .text.HardFault_Handler
                0x0800132c        0x8 src/stm32f30x_it.o
                0x0800132c                HardFault_Handler
 .text.MemManage_Handler
                0x08001334        0x8 src/stm32f30x_it.o
                0x08001334                MemManage_Handler
 .text.BusFault_Handler
                0x0800133c        0x8 src/stm32f30x_it.o
                0x0800133c                BusFault_Handler
 .text.UsageFault_Handler
                0x08001344        0x8 src/stm32f30x_it.o
                0x08001344                UsageFault_Handler
 .text.SVC_Handler
                0x0800134c        0xc src/stm32f30x_it.o
                0x0800134c                SVC_Handler
 .text.DebugMon_Handler
                0x08001358        0xc src/stm32f30x_it.o
                0x08001358                DebugMon_Handler
 .text.PendSV_Handler
                0x08001364        0xc src/stm32f30x_it.o
                0x08001364                PendSV_Handler
 .text.USB_LP_CAN1_RX0_IRQHandler
                0x08001370        0xc src/stm32f30x_it.o
                0x08001370                USB_LP_CAN1_RX0_IRQHandler
 .text.USBWakeUp_IRQHandler
                0x0800137c       0x14 src/stm32f30x_it.o
                0x0800137c                USBWakeUp_IRQHandler
 .text.SystemInit
                0x08001390       0x90 src/system_stm32f30x.o
                0x08001390                SystemInit
 .text.SetSysClock
                0x08001420       0xe0 src/system_stm32f30x.o
 .text.EP1_IN_Callback
                0x08001500       0x18 src/usb_endp.o
                0x08001500                EP1_IN_Callback
 .text.EP1_OUT_Callback
                0x08001518       0x18 src/usb_endp.o
                0x08001518                EP1_OUT_Callback
 .text.USB_Istr
                0x08001530      0x120 src/usb_istr.o
                0x08001530                USB_Istr
 .text.Hid_init
                0x08001650       0x28 src/usb_prop.o
                0x08001650                Hid_init
 .text.Hid_Reset
                0x08001678       0xbc src/usb_prop.o
                0x08001678                Hid_Reset
 .text.Hid_SetConfiguration
                0x08001734       0x2c src/usb_prop.o
                0x08001734                Hid_SetConfiguration
 .text.Hid_SetDeviceAddress
                0x08001760       0x18 src/usb_prop.o
                0x08001760                Hid_SetDeviceAddress
 .text.Hid_Status_In
                0x08001778        0xc src/usb_prop.o
                0x08001778                Hid_Status_In
 .text.Hid_Status_Out
                0x08001784        0xc src/usb_prop.o
                0x08001784                Hid_Status_Out
 .text.Hid_Data_Setup
                0x08001790       0xc0 src/usb_prop.o
                0x08001790                Hid_Data_Setup
 .text.HID_SetReport_Feature
                0x08001850       0x90 src/usb_prop.o
                0x08001850                HID_SetReport_Feature
 .text.HID_GetReport_Feature
                0x080018e0       0xb0 src/usb_prop.o
                0x080018e0                HID_GetReport_Feature
 .text.Hid_NoData_Setup
                0x08001990       0x34 src/usb_prop.o
                0x08001990                Hid_NoData_Setup
 .text.Hid_GetDeviceDescriptor
                0x080019c4       0x24 src/usb_prop.o
                0x080019c4                Hid_GetDeviceDescriptor
 .text.Hid_GetConfigDescriptor
                0x080019e8       0x24 src/usb_prop.o
                0x080019e8                Hid_GetConfigDescriptor
 .text.Hid_GetStringDescriptor
                0x08001a0c       0x40 src/usb_prop.o
                0x08001a0c                Hid_GetStringDescriptor
 .text.Hid_GetReportDescriptor
                0x08001a4c       0x24 src/usb_prop.o
                0x08001a4c                Hid_GetReportDescriptor
 .text.Hid_GetHIDDescriptor
                0x08001a70       0x24 src/usb_prop.o
                0x08001a70                Hid_GetHIDDescriptor
 .text.Hid_Get_Interface_Setting
                0x08001a94       0x30 src/usb_prop.o
                0x08001a94                Hid_Get_Interface_Setting
 .text.Hid_SetProtocol
                0x08001ac4       0x2c src/usb_prop.o
                0x08001ac4                Hid_SetProtocol
 .text.Hid_GetProtocolValue
                0x08001af0       0x34 src/usb_prop.o
                0x08001af0                Hid_GetProtocolValue
 .text.PowerOn  0x08001b24       0x50 src/usb_pwr.o
                0x08001b24                PowerOn
 .text.Suspend  0x08001b74       0x3c src/usb_pwr.o
                0x08001b74                Suspend
 .text.Resume_Init
                0x08001bb0       0x30 src/usb_pwr.o
                0x08001bb0                Resume_Init
 .text.Resume   0x08001be0       0xf8 src/usb_pwr.o
                0x08001be0                Resume
 .text.STM_EVAL_LEDInit
                0x08001cd8       0x5c stm32f3_discovery.a(stm32f3_discovery.o)
                0x08001cd8                STM_EVAL_LEDInit
 .text.STM_EVAL_LEDOn
                0x08001d34       0x30 stm32f3_discovery.a(stm32f3_discovery.o)
                0x08001d34                STM_EVAL_LEDOn
 .text.STM_EVAL_LEDOff
                0x08001d64       0x30 stm32f3_discovery.a(stm32f3_discovery.o)
                0x08001d64                STM_EVAL_LEDOff
 .text.STM_EVAL_PBInit
                0x08001d94       0x94 stm32f3_discovery.a(stm32f3_discovery.o)
                0x08001d94                STM_EVAL_PBInit
 .text.STM_EVAL_PBGetState
                0x08001e28       0x2c stm32f3_discovery.a(stm32f3_discovery.o)
                0x08001e28                STM_EVAL_PBGetState
 .text.L3GD20_Init
                0x08001e54       0x78 stm32f3_discovery.a(stm32f3_discovery_l3gd20.o)
                0x08001e54                L3GD20_Init
 .text.L3GD20_Write
                0x08001ecc       0x60 stm32f3_discovery.a(stm32f3_discovery_l3gd20.o)
                0x08001ecc                L3GD20_Write
 .text.L3GD20_Read
                0x08001f2c       0x6c stm32f3_discovery.a(stm32f3_discovery_l3gd20.o)
                0x08001f2c                L3GD20_Read
 .text.L3GD20_LowLevel_Init
                0x08001f98      0x150 stm32f3_discovery.a(stm32f3_discovery_l3gd20.o)
 .text.L3GD20_SendByte
                0x080020e8       0x8c stm32f3_discovery.a(stm32f3_discovery_l3gd20.o)
 .text.L3GD20_TIMEOUT_UserCallback
                0x08002174        0x8 stm32f3_discovery.a(stm32f3_discovery_l3gd20.o)
                0x08002174                L3GD20_TIMEOUT_UserCallback
 .text.LSM303DLHC_AccInit
                0x0800217c       0x74 stm32f3_discovery.a(stm32f3_discovery_lsm303dlhc.o)
                0x0800217c                LSM303DLHC_AccInit
 .text.LSM303DLHC_MagInit
                0x080021f0       0x70 stm32f3_discovery.a(stm32f3_discovery_lsm303dlhc.o)
                0x080021f0                LSM303DLHC_MagInit
 .text.LSM303DLHC_Write
                0x08002260      0x160 stm32f3_discovery.a(stm32f3_discovery_lsm303dlhc.o)
                0x08002260                LSM303DLHC_Write
 .text.LSM303DLHC_Read
                0x080023c0      0x18c stm32f3_discovery.a(stm32f3_discovery_lsm303dlhc.o)
                0x080023c0                LSM303DLHC_Read
 .text.LSM303DLHC_LowLevel_Init
                0x0800254c      0x150 stm32f3_discovery.a(stm32f3_discovery_lsm303dlhc.o)
                0x0800254c                LSM303DLHC_LowLevel_Init
 .text.LSM303DLHC_TIMEOUT_UserCallback
                0x0800269c        0x8 stm32f3_discovery.a(stm32f3_discovery_lsm303dlhc.o)
                0x0800269c                LSM303DLHC_TIMEOUT_UserCallback
 .text.EXTI_Init
                0x080026a4      0x1f4 stm32f30x_stdperiph_driver.a(stm32f30x_exti.o)
                0x080026a4                EXTI_Init
 .text.EXTI_ClearITPendingBit
                0x08002898       0x30 stm32f30x_stdperiph_driver.a(stm32f30x_exti.o)
                0x08002898                EXTI_ClearITPendingBit
 .text.FLASH_Unlock
                0x080028c8       0x30 stm32f30x_stdperiph_driver.a(stm32f30x_flash.o)
                0x080028c8                FLASH_Unlock
 .text.FLASH_Lock
                0x080028f8       0x1c stm32f30x_stdperiph_driver.a(stm32f30x_flash.o)
                0x080028f8                FLASH_Lock
 .text.FLASH_ErasePage
                0x08002914       0x64 stm32f30x_stdperiph_driver.a(stm32f30x_flash.o)
                0x08002914                FLASH_ErasePage
 .text.FLASH_ProgramWord
                0x08002978       0x90 stm32f30x_stdperiph_driver.a(stm32f30x_flash.o)
                0x08002978                FLASH_ProgramWord
 .text.FLASH_ClearFlag
                0x08002a08       0x1c stm32f30x_stdperiph_driver.a(stm32f30x_flash.o)
                0x08002a08                FLASH_ClearFlag
 .text.FLASH_GetStatus
                0x08002a24       0x58 stm32f30x_stdperiph_driver.a(stm32f30x_flash.o)
                0x08002a24                FLASH_GetStatus
 .text.FLASH_WaitForLastOperation
                0x08002a7c       0x44 stm32f30x_stdperiph_driver.a(stm32f30x_flash.o)
                0x08002a7c                FLASH_WaitForLastOperation
 .text.GPIO_Init
                0x08002ac0      0x128 stm32f30x_stdperiph_driver.a(stm32f30x_gpio.o)
                0x08002ac0                GPIO_Init
 .text.GPIO_ReadInputDataBit
                0x08002be8       0x38 stm32f30x_stdperiph_driver.a(stm32f30x_gpio.o)
                0x08002be8                GPIO_ReadInputDataBit
 .text.GPIO_SetBits
                0x08002c20       0x1c stm32f30x_stdperiph_driver.a(stm32f30x_gpio.o)
                0x08002c20                GPIO_SetBits
 .text.GPIO_ResetBits
                0x08002c3c       0x1c stm32f30x_stdperiph_driver.a(stm32f30x_gpio.o)
                0x08002c3c                GPIO_ResetBits
 .text.GPIO_PinAFConfig
                0x08002c58       0x8c stm32f30x_stdperiph_driver.a(stm32f30x_gpio.o)
                0x08002c58                GPIO_PinAFConfig
 .text.I2C_Init
                0x08002ce4       0xc8 stm32f30x_stdperiph_driver.a(stm32f30x_i2c.o)
                0x08002ce4                I2C_Init
 .text.I2C_Cmd  0x08002dac       0x38 stm32f30x_stdperiph_driver.a(stm32f30x_i2c.o)
                0x08002dac                I2C_Cmd
 .text.I2C_TransferHandling
                0x08002de4       0x58 stm32f30x_stdperiph_driver.a(stm32f30x_i2c.o)
                0x08002de4                I2C_TransferHandling
 .text.I2C_SendData
                0x08002e3c       0x1c stm32f30x_stdperiph_driver.a(stm32f30x_i2c.o)
                0x08002e3c                I2C_SendData
 .text.I2C_ReceiveData
                0x08002e58       0x1c stm32f30x_stdperiph_driver.a(stm32f30x_i2c.o)
                0x08002e58                I2C_ReceiveData
 .text.I2C_GetFlagStatus
                0x08002e74       0x40 stm32f30x_stdperiph_driver.a(stm32f30x_i2c.o)
                0x08002e74                I2C_GetFlagStatus
 .text.I2C_ClearFlag
                0x08002eb4       0x1c stm32f30x_stdperiph_driver.a(stm32f30x_i2c.o)
                0x08002eb4                I2C_ClearFlag
 .text.NVIC_PriorityGroupConfig
                0x08002ed0       0x24 stm32f30x_stdperiph_driver.a(stm32f30x_misc.o)
                0x08002ed0                NVIC_PriorityGroupConfig
 .text.NVIC_Init
                0x08002ef4       0xc0 stm32f30x_stdperiph_driver.a(stm32f30x_misc.o)
                0x08002ef4                NVIC_Init
 .text.RCC_HSEConfig
                0x08002fb4       0x24 stm32f30x_stdperiph_driver.a(stm32f30x_rcc.o)
                0x08002fb4                RCC_HSEConfig
 .text.RCC_WaitForHSEStartUp
                0x08002fd8       0x50 stm32f30x_stdperiph_driver.a(stm32f30x_rcc.o)
                0x08002fd8                RCC_WaitForHSEStartUp
 .text.RCC_PLLCmd
                0x08003028       0x20 stm32f30x_stdperiph_driver.a(stm32f30x_rcc.o)
                0x08003028                RCC_PLLCmd
 .text.RCC_SYSCLKConfig
                0x08003048       0x38 stm32f30x_stdperiph_driver.a(stm32f30x_rcc.o)
                0x08003048                RCC_SYSCLKConfig
 .text.RCC_GetSYSCLKSource
                0x08003080       0x20 stm32f30x_stdperiph_driver.a(stm32f30x_rcc.o)
                0x08003080                RCC_GetSYSCLKSource
 .text.RCC_GetClocksFreq
                0x080030a0      0x414 stm32f30x_stdperiph_driver.a(stm32f30x_rcc.o)
                0x080030a0                RCC_GetClocksFreq
 .text.RCC_USBCLKConfig
                0x080034b4       0x1c stm32f30x_stdperiph_driver.a(stm32f30x_rcc.o)
                0x080034b4                RCC_USBCLKConfig
 .text.RCC_AHBPeriphClockCmd
                0x080034d0       0x3c stm32f30x_stdperiph_driver.a(stm32f30x_rcc.o)
                0x080034d0                RCC_AHBPeriphClockCmd
 .text.RCC_APB2PeriphClockCmd
                0x0800350c       0x3c stm32f30x_stdperiph_driver.a(stm32f30x_rcc.o)
                0x0800350c                RCC_APB2PeriphClockCmd
 .text.RCC_APB1PeriphClockCmd
                0x08003548       0x3c stm32f30x_stdperiph_driver.a(stm32f30x_rcc.o)
                0x08003548                RCC_APB1PeriphClockCmd
 .text.RCC_APB2PeriphResetCmd
                0x08003584       0x3c stm32f30x_stdperiph_driver.a(stm32f30x_rcc.o)
                0x08003584                RCC_APB2PeriphResetCmd
 .text.RCC_APB1PeriphResetCmd
                0x080035c0       0x3c stm32f30x_stdperiph_driver.a(stm32f30x_rcc.o)
                0x080035c0                RCC_APB1PeriphResetCmd
 .text.RCC_GetFlagStatus
                0x080035fc       0x84 stm32f30x_stdperiph_driver.a(stm32f30x_rcc.o)
                0x080035fc                RCC_GetFlagStatus
 .text.SPI_I2S_DeInit
                0x08003680       0x74 stm32f30x_stdperiph_driver.a(stm32f30x_spi.o)
                0x08003680                SPI_I2S_DeInit
 .text.SPI_Init
                0x080036f4      0x114 stm32f30x_stdperiph_driver.a(stm32f30x_spi.o)
                0x080036f4                SPI_Init
 .text.SPI_Cmd  0x08003808       0x40 stm32f30x_stdperiph_driver.a(stm32f30x_spi.o)
                0x08003808                SPI_Cmd
 .text.SPI_RxFIFOThresholdConfig
                0x08003848       0x38 stm32f30x_stdperiph_driver.a(stm32f30x_spi.o)
                0x08003848                SPI_RxFIFOThresholdConfig
 .text.SPI_SendData8
                0x08003880       0x2c stm32f30x_stdperiph_driver.a(stm32f30x_spi.o)
                0x08003880                SPI_SendData8
 .text.SPI_ReceiveData8
                0x080038ac       0x28 stm32f30x_stdperiph_driver.a(stm32f30x_spi.o)
                0x080038ac                SPI_ReceiveData8
 .text.SPI_I2S_GetFlagStatus
                0x080038d4       0x38 stm32f30x_stdperiph_driver.a(stm32f30x_spi.o)
                0x080038d4                SPI_I2S_GetFlagStatus
 .text.SYSCFG_EXTILineConfig
                0x0800390c       0x7c stm32f30x_stdperiph_driver.a(stm32f30x_syscfg.o)
                0x0800390c                SYSCFG_EXTILineConfig
 .text.Standard_GetConfiguration
                0x08003988       0x3c stm32_usbfs_driver.a(usb_core.o)
                0x08003988                Standard_GetConfiguration
 .text.Standard_SetConfiguration
                0x080039c4       0x50 stm32_usbfs_driver.a(usb_core.o)
                0x080039c4                Standard_SetConfiguration
 .text.Standard_GetInterface
                0x08003a14       0x3c stm32_usbfs_driver.a(usb_core.o)
                0x08003a14                Standard_GetInterface
 .text.Standard_SetInterface
                0x08003a50       0x8c stm32_usbfs_driver.a(usb_core.o)
                0x08003a50                Standard_SetInterface
 .text.Standard_GetStatus
                0x08003adc      0x138 stm32_usbfs_driver.a(usb_core.o)
                0x08003adc                Standard_GetStatus
 .text.Standard_ClearFeature
                0x08003c14      0x1d8 stm32_usbfs_driver.a(usb_core.o)
                0x08003c14                Standard_ClearFeature
 .text.Standard_SetEndPointFeature
                0x08003dec      0x118 stm32_usbfs_driver.a(usb_core.o)
                0x08003dec                Standard_SetEndPointFeature
 .text.Standard_SetDeviceFeature
                0x08003f04       0x2c stm32_usbfs_driver.a(usb_core.o)
                0x08003f04                Standard_SetDeviceFeature
 .text.Standard_GetDescriptorData
                0x08003f30       0x48 stm32_usbfs_driver.a(usb_core.o)
                0x08003f30                Standard_GetDescriptorData
 .text.DataStageOut
                0x08003f78      0x104 stm32_usbfs_driver.a(usb_core.o)
 .text.DataStageIn
                0x0800407c      0x10c stm32_usbfs_driver.a(usb_core.o)
 .text.NoData_Setup0
                0x08004188      0x194 stm32_usbfs_driver.a(usb_core.o)
 .text.Data_Setup0
                0x0800431c      0x324 stm32_usbfs_driver.a(usb_core.o)
 .text.Setup0_Process
                0x08004640       0xd8 stm32_usbfs_driver.a(usb_core.o)
                0x08004640                Setup0_Process
 .text.In0_Process
                0x08004718       0x90 stm32_usbfs_driver.a(usb_core.o)
                0x08004718                In0_Process
 .text.Out0_Process
                0x080047a8       0x74 stm32_usbfs_driver.a(usb_core.o)
                0x080047a8                Out0_Process
 .text.Post0_Process
                0x0800481c       0x50 stm32_usbfs_driver.a(usb_core.o)
                0x0800481c                Post0_Process
 .text.SetDeviceAddress
                0x0800486c       0x7c stm32_usbfs_driver.a(usb_core.o)
                0x0800486c                SetDeviceAddress
 .text.NOP_Process
                0x080048e8        0xc stm32_usbfs_driver.a(usb_core.o)
                0x080048e8                NOP_Process
 .text.USB_Init
                0x080048f4       0x40 stm32_usbfs_driver.a(usb_init.o)
                0x080048f4                USB_Init
 .text.CTR_LP   0x08004934      0x308 stm32_usbfs_driver.a(usb_int.o)
                0x08004934                CTR_LP
 .text.UserToPMABufferCopy
                0x08004c3c       0x74 stm32_usbfs_driver.a(usb_mem.o)
                0x08004c3c                UserToPMABufferCopy
 .text.PMAToUserBufferCopy
                0x08004cb0       0x5c stm32_usbfs_driver.a(usb_mem.o)
                0x08004cb0                PMAToUserBufferCopy
 .text.SetBTABLE
                0x08004d0c       0x24 stm32_usbfs_driver.a(usb_regs.o)
                0x08004d0c                SetBTABLE
 .text.SetEPType
                0x08004d30       0x48 stm32_usbfs_driver.a(usb_regs.o)
                0x08004d30                SetEPType
 .text.SetEPTxStatus
                0x08004d78       0x6c stm32_usbfs_driver.a(usb_regs.o)
                0x08004d78                SetEPTxStatus
 .text.SetEPRxStatus
                0x08004de4       0x6c stm32_usbfs_driver.a(usb_regs.o)
                0x08004de4                SetEPRxStatus
 .text.SetEPTxValid
                0x08004e50       0x50 stm32_usbfs_driver.a(usb_regs.o)
                0x08004e50                SetEPTxValid
 .text.SetEPRxValid
                0x08004ea0       0x50 stm32_usbfs_driver.a(usb_regs.o)
                0x08004ea0                SetEPRxValid
 .text.Clear_Status_Out
                0x08004ef0       0x50 stm32_usbfs_driver.a(usb_regs.o)
                0x08004ef0                Clear_Status_Out
 .text.ClearDTOG_RX
                0x08004f40       0x5c stm32_usbfs_driver.a(usb_regs.o)
                0x08004f40                ClearDTOG_RX
 .text.ClearDTOG_TX
                0x08004f9c       0x5c stm32_usbfs_driver.a(usb_regs.o)
                0x08004f9c                ClearDTOG_TX
 .text.SetEPTxAddr
                0x08004ff8       0x40 stm32_usbfs_driver.a(usb_regs.o)
                0x08004ff8                SetEPTxAddr
 .text.SetEPRxAddr
                0x08005038       0x40 stm32_usbfs_driver.a(usb_regs.o)
                0x08005038                SetEPRxAddr
 .text.GetEPTxAddr
                0x08005078       0x38 stm32_usbfs_driver.a(usb_regs.o)
                0x08005078                GetEPTxAddr
 .text.GetEPRxAddr
                0x080050b0       0x38 stm32_usbfs_driver.a(usb_regs.o)
                0x080050b0                GetEPRxAddr
 .text.SetEPTxCount
                0x080050e8       0x38 stm32_usbfs_driver.a(usb_regs.o)
                0x080050e8                SetEPTxCount
 .text.SetEPRxCount
                0x08005120       0x84 stm32_usbfs_driver.a(usb_regs.o)
                0x08005120                SetEPRxCount
 .text.GetEPRxCount
                0x080051a4       0x3c stm32_usbfs_driver.a(usb_regs.o)
                0x080051a4                GetEPRxCount
 .text.ByteSwap
                0x080051e0       0x30 stm32_usbfs_driver.a(usb_regs.o)
                0x080051e0                ByteSwap
 .text.USB_SIL_Init
                0x08005210       0x34 stm32_usbfs_driver.a(usb_sil.o)
                0x08005210                USB_SIL_Init
 .text.USB_SIL_Write
                0x08005244       0x4c stm32_usbfs_driver.a(usb_sil.o)
                0x08005244                USB_SIL_Write
 .text.USB_SIL_Read
                0x08005290       0x4c stm32_usbfs_driver.a(usb_sil.o)
                0x08005290                USB_SIL_Read
 .text.Reset_Handler
                0x080052dc       0x4c startup.o
                0x080052dc                Reset_Handler
 .text.Default_Handler
                0x08005328        0x4 startup.o
                0x08005328                RTC_Alarm_IRQHandler
                0x08005328                TIM8_TRG_COM_IRQHandler
                0x08005328                TIM8_CC_IRQHandler
                0x08005328                TIM1_CC_IRQHandler
                0x08005328                USB_HP_IRQHandler
                0x08005328                PVD_IRQHandler
                0x08005328                EXTI3_IRQHandler
                0x08005328                EXTI0_IRQHandler
                0x08005328                I2C2_EV_IRQHandler
                0x08005328                FPU_IRQHandler
                0x08005328                EXTI2_TS_IRQHandler
                0x08005328                TIM1_UP_TIM16_IRQHandler
                0x08005328                ADC1_2_IRQHandler
                0x08005328                SPI1_IRQHandler
                0x08005328                TIM6_DAC_IRQHandler
                0x08005328                TIM8_UP_IRQHandler
                0x08005328                DMA2_Channel2_IRQHandler
                0x08005328                DMA1_Channel4_IRQHandler
                0x08005328                USART3_IRQHandler
                0x08005328                DMA1_Channel7_IRQHandler
                0x08005328                CAN1_RX1_IRQHandler
                0x08005328                UART5_IRQHandler
                0x08005328                ADC3_IRQHandler
                0x08005328                TIM4_IRQHandler
                0x08005328                DMA2_Channel1_IRQHandler
                0x08005328                I2C1_EV_IRQHandler
                0x08005328                DMA1_Channel6_IRQHandler
                0x08005328                UART4_IRQHandler
                0x08005328                DMA2_Channel4_IRQHandler
                0x08005328                TIM3_IRQHandler
                0x08005328                RCC_IRQHandler
                0x08005328                DMA1_Channel1_IRQHandler
                0x08005328                Default_Handler
                0x08005328                USBWakeUp_RMP_IRQHandler
                0x08005328                EXTI15_10_IRQHandler
                0x08005328                TIM7_IRQHandler
                0x08005328                EXTI9_5_IRQHandler
                0x08005328                TAMPER_STAMP_IRQHandler
                0x08005328                RTC_WKUP_IRQHandler
                0x08005328                SPI2_IRQHandler
                0x08005328                DMA2_Channel5_IRQHandler
                0x08005328                DMA1_Channel5_IRQHandler
                0x08005328                USB_LP_IRQHandler
                0x08005328                EXTI4_IRQHandler
                0x08005328                TIM1_TRG_COM_TIM17_IRQHandler
                0x08005328                USB_HP_CAN1_TX_IRQHandler
                0x08005328                DMA1_Channel3_IRQHandler
                0x08005328                ADC4_IRQHandler
                0x08005328                WWDG_IRQHandler
                0x08005328                TIM2_IRQHandler
                0x08005328                COMP7_IRQHandler
                0x08005328                COMP1_2_3_IRQHandler
                0x08005328                EXTI1_IRQHandler
                0x08005328                USART2_IRQHandler
                0x08005328                COMP4_5_6_IRQHandler
                0x08005328                I2C2_ER_IRQHandler
                0x08005328                DMA1_Channel2_IRQHandler
                0x08005328                TIM8_BRK_IRQHandler
                0x08005328                CAN1_SCE_IRQHandler
                0x08005328                FLASH_IRQHandler
                0x08005328                USART1_IRQHandler
                0x08005328                SPI3_IRQHandler
                0x08005328                I2C1_ER_IRQHandler
                0x08005328                DMA2_Channel3_IRQHandler
                0x08005328                TIM1_BRK_TIM15_IRQHandler
 *(.rodata)
 .rodata        0x0800532c        0x8 src/peripherals.o
 *(.rodata*)
 .rodata.Hid_DeviceDescriptor
                0x08005334       0x14 src/usb_desc.o
                0x08005334                Hid_DeviceDescriptor
 .rodata.Hid_ConfigDescriptor
                0x08005348       0x2c src/usb_desc.o
                0x08005348                Hid_ConfigDescriptor
 .rodata.Hid_ReportDescriptor
                0x08005374       0x3c src/usb_desc.o
                0x08005374                Hid_ReportDescriptor
 .rodata.Hid_StringLangID
                0x080053b0        0x4 src/usb_desc.o
                0x080053b0                Hid_StringLangID
 .rodata.Hid_StringVendor
                0x080053b4       0x20 src/usb_desc.o
                0x080053b4                Hid_StringVendor
 .rodata.Hid_StringProduct
                0x080053d4       0x18 src/usb_desc.o
                0x080053d4                Hid_StringProduct
 .rodata.GPIO_PIN
                0x080053ec       0x10 stm32f3_discovery.a(stm32f3_discovery.o)
                0x080053ec                GPIO_PIN
 .rodata.GPIO_CLK
                0x080053fc       0x20 stm32f3_discovery.a(stm32f3_discovery.o)
                0x080053fc                GPIO_CLK
 *(.glue_7)
 .glue_7        0x00000000        0x0 linker stubs
 *(.glue_7t)
 .glue_7t       0x00000000        0x0 linker stubs
 *(.eh_frame)
 *(.init)
 *(.fini)
                0x0800541c                . = ALIGN (0x4)
                0x0800541c                _etext = .

.vfp11_veneer   0x0800541c        0x0
 .vfp11_veneer  0x00000000        0x0 linker stubs

.v4_bx          0x0800541c        0x0
 .v4_bx         0x00000000        0x0 linker stubs

.iplt           0x0800541c        0x0
 .iplt          0x00000000        0x0 src/hw_config.o

.rel.dyn        0x0800541c        0x0
 .rel.iplt      0x00000000        0x0 src/hw_config.o

.ARM.extab
 *(.ARM.extab* .gnu.linkonce.armextab.*)

.ARM            0x0800541c        0x0
                0x0800541c                __exidx_start = .
 *(.ARM.exidx*)
                0x0800541c                __exidx_end = .

.preinit_array  0x0800541c        0x0
                0x0800541c                PROVIDE (__preinit_array_start, .)
 *(.preinit_array*)
                0x0800541c                PROVIDE (__preinit_array_end, .)

.init_array     0x0800541c        0x0
                0x0800541c                PROVIDE (__init_array_start, .)
 *(SORT(.init_array.*))
 *(.init_array*)
                0x0800541c                PROVIDE (__init_array_end, .)

.fini_array     0x0800541c        0x0
                0x0800541c                PROVIDE (__fini_array_start, .)
 *(SORT(.fini_array.*))
 *(.fini_array*)
                0x0800541c                PROVIDE (__fini_array_end, .)
                0x0800541c                _sidata = LOADADDR (.data)

.data           0x20000000      0x170 load address 0x0800541c
                0x20000000                . = ALIGN (0x4)
                0x20000000                _sdata = .
 *(.data)
 *(.data*)
 .data.EP1flagTXcomplete
                0x20000000        0x1 src/main.o
                0x20000000                EP1flagTXcomplete
 *fill*         0x20000001        0x3 
 .data.currentKeepAliveTimeout
                0x20000004        0x4 src/main.o
                0x20000004                currentKeepAliveTimeout
 .data.currentDelayBetweenPackets
                0x20000008        0x2 src/main.o
                0x20000008                currentDelayBetweenPackets
 *fill*         0x2000000a        0x2 
 .data.BRIGHTNESS.8297
                0x2000000c       0x18 src/peripherals.o
 .data.Hid_StringSerial
                0x20000024       0x1c src/usb_desc.o
                0x20000024                Hid_StringSerial
 .data.pEpInt_IN
                0x20000040       0x1c src/usb_istr.o
                0x20000040                pEpInt_IN
 .data.pEpInt_OUT
                0x2000005c       0x1c src/usb_istr.o
                0x2000005c                pEpInt_OUT
 .data.newConfigFrameReceived
                0x20000078        0x1 src/usb_prop.o
                0x20000078                newConfigFrameReceived
 *fill*         0x20000079        0x3 
 .data.Device_Table
                0x2000007c        0x4 src/usb_prop.o
                0x2000007c                Device_Table
 .data.Device_Property
                0x20000080       0x30 src/usb_prop.o
                0x20000080                Device_Property
 .data.User_Standard_Requests
                0x200000b0       0x24 src/usb_prop.o
                0x200000b0                User_Standard_Requests
 .data.Device_Descriptor
                0x200000d4        0x8 src/usb_prop.o
                0x200000d4                Device_Descriptor
 .data.Config_Descriptor
                0x200000dc        0x8 src/usb_prop.o
                0x200000dc                Config_Descriptor
 .data.Hid_Report_Descriptor
                0x200000e4        0x8 src/usb_prop.o
                0x200000e4                Hid_Report_Descriptor
 .data.Mouse_Hid_Descriptor
                0x200000ec        0x8 src/usb_prop.o
                0x200000ec                Mouse_Hid_Descriptor
 .data.String_Descriptor
                0x200000f4       0x20 src/usb_prop.o
                0x200000f4                String_Descriptor
 .data.fSuspendEnabled
                0x20000114        0x1 src/usb_pwr.o
                0x20000114                fSuspendEnabled
 *fill*         0x20000115        0x3 
 .data.GPIO_PORT
                0x20000118       0x20 stm32f3_discovery.a(stm32f3_discovery.o)
                0x20000118                GPIO_PORT
 .data.BUTTON_PORT
                0x20000138        0x4 stm32f3_discovery.a(stm32f3_discovery.o)
                0x20000138                BUTTON_PORT
 .data.L3GD20Timeout
                0x2000013c        0x4 stm32f3_discovery.a(stm32f3_discovery_l3gd20.o)
                0x2000013c                L3GD20Timeout
 .data.LSM303DLHC_Timeout
                0x20000140        0x4 stm32f3_discovery.a(stm32f3_discovery_lsm303dlhc.o)
                0x20000140                LSM303DLHC_Timeout
 .data.APBAHBPrescTable
                0x20000144       0x10 stm32f30x_stdperiph_driver.a(stm32f30x_rcc.o)
 .data.ADCPrescTable
                0x20000154       0x1c stm32f30x_stdperiph_driver.a(stm32f30x_rcc.o)
                0x20000170                . = ALIGN (0x4)
                0x20000170                _edata = .
                0x0800558c                _siccmram = LOADADDR (.ccmram)

.igot.plt       0x20000170        0x0 load address 0x0800558c
 .igot.plt      0x00000000        0x0 src/hw_config.o

.ccmram         0x10000000        0x0 load address 0x0800558c
                0x10000000                . = ALIGN (0x4)
                0x10000000                _sccmram = .
 *(.ccmram)
 *(.ccmram*)
                0x10000000                . = ALIGN (0x4)
                0x10000000                _eccmram = .
                0x10000000                . = ALIGN (0x4)

.bss            0x20000170      0x344
                0x20000170                _sbss = .
                0x20000170                __bss_start__ = _sbss
 *(.bss)
 *(.bss*)
 .bss.EP1flagRXcomplete
                0x20000170        0x1 src/main.o
                0x20000170                EP1flagRXcomplete
 .bss.focState  0x20000171        0x1 src/main.o
                0x20000171                focState
 .bss.timeStamp.8216
                0x20000172        0x2 src/main.o
 .bss.state.8292
                0x20000174        0x1 src/peripherals.o
 *fill*         0x20000175        0x3 
 .bss.timerTimeSinceLastKeepAlive
                0x20000178        0x4 src/peripherals.o
                0x20000178                timerTimeSinceLastKeepAlive
 .bss.timerTimeSinceLastFrameSent
                0x2000017c        0x4 src/peripherals.o
                0x2000017c                timerTimeSinceLastFrameSent
 .bss.loopCounter.8291
                0x20000180        0x4 src/peripherals.o
 .bss.gyroBiasCalValue250
                0x20000184        0xc src/peripherals.o
                0x20000184                gyroBiasCalValue250
 .bss.timerDelayCountdown
                0x20000190        0x4 src/peripherals.o
                0x20000190                timerDelayCountdown
 .bss.wait.8295
                0x20000194        0x2 src/peripherals.o
 *fill*         0x20000196        0x2 
 .bss.gyroBiasCalValue2000
                0x20000198        0xc src/peripherals.o
                0x20000198                gyroBiasCalValue2000
 .bss.timerTimeSinceLastAccMagReadout
                0x200001a4        0x4 src/peripherals.o
                0x200001a4                timerTimeSinceLastAccMagReadout
 .bss.pwmCount.8296
                0x200001a8        0x1 src/peripherals.o
 *fill*         0x200001a9        0x3 
 .bss.gyroBiasCalValue500
                0x200001ac        0xc src/peripherals.o
                0x200001ac                gyroBiasCalValue500
 .bss.bIntPackSOF
                0x200001b8        0x1 src/usb_istr.o
                0x200001b8                bIntPackSOF
 *fill*         0x200001b9        0x3 
 .bss.bDeviceState
                0x200001bc        0x4 src/usb_pwr.o
                0x200001bc                bDeviceState
 .bss.Data_Mul_MaxPacketSize
                0x200001c0        0x1 stm32_usbfs_driver.a(usb_core.o)
                0x200001c0                Data_Mul_MaxPacketSize
 *(COMMON)
 *fill*         0x200001c1        0x3 
 COMMON         0x200001c4        0xc src/hw_config.o
                0x200001c4                HSEStartUpStatus
                0x200001c8                EXTI_InitStructure
 COMMON         0x200001d0      0x170 src/main.o
                0x200001d0                dataToBeSent
                0x20000210                accBuffer
                0x2000021c                dataDisplayInfo
                0x20000254                tempBuffer
                0x20000258                magBuffer
                0x20000260                EP1debugBuffer
                0x200002e0                dataConfig
                0x200002e8                dataScale
                0x200002f0                RCC_Clocks
                0x2000032c                dataKeepAlive
                0x20000334                gyroBuffer
 COMMON         0x20000340       0x2c src/peripherals.o
                0x20000340                accScalingFactors
                0x2000034c                magScalingFactors
                0x20000358                currentGyroScale
                0x2000035c                gyroBiasCalValue
                0x20000360                gyroScalingFactors
 COMMON         0x2000036c        0x2 src/usb_istr.o
                0x2000036c                wIstr
 *fill*         0x2000036e        0x2 
 COMMON         0x20000370      0x104 src/usb_prop.o
                0x20000370                featureReportData
                0x200003f0                ProtocolValue
                0x200003f4                EP0debugBuffer
 COMMON         0x20000474        0x2 src/usb_pwr.o
                0x20000474                ResumeS
 *fill*         0x20000476        0x2 
 COMMON         0x20000478        0x2 stm32_usbfs_driver.a(usb_core.o)
                0x20000478                StatusInfo
 *fill*         0x2000047a        0x2 
 COMMON         0x2000047c       0x32 stm32_usbfs_driver.a(usb_init.o)
                0x2000047c                SaveState
                0x20000480                pProperty
                0x20000484                EPindex
                0x20000488                Device_Info
                0x200004a4                pUser_Standard_Requests
                0x200004a8                pInformation
                0x200004ac                wInterrupt_Mask
 COMMON         0x200004ae        0x4 stm32_usbfs_driver.a(usb_int.o)
                0x200004ae                SaveRState
                0x200004b0                SaveTState
                0x200004b4                . = ALIGN (0x4)
 *fill*         0x200004b2        0x2 
                0x200004b4                _ebss = .
                0x200004b4                __bss_end__ = _ebss

._user_heap_stack
                0x200004b4      0x200
                0x200004b4                . = ALIGN (0x4)
                0x200004b4                PROVIDE (end, .)
                0x200004b4                PROVIDE (_end, .)
                0x200004b4                . = (. + _Min_Heap_Size)
                0x200006b4                . = (. + _Min_Stack_Size)
 *fill*         0x200004b4      0x200 
                0x200006b4                . = ALIGN (0x4)

.memory_b1_text
 *(.mb1text)
 *(.mb1text*)
 *(.mb1rodata)
 *(.mb1rodata*)

/DISCARD/
 libc.a(*)
 libm.a(*)
 libgcc.a(*)

.ARM.attributes
                0x00000000       0x37
 *(.ARM.attributes)
 .ARM.attributes
                0x00000000       0x39 src/hw_config.o
 .ARM.attributes
                0x00000039       0x39 src/main.o
 .ARM.attributes
                0x00000072       0x39 src/peripherals.o
 .ARM.attributes
                0x000000ab       0x39 src/stm32f30x_it.o
 .ARM.attributes
                0x000000e4       0x39 src/system_stm32f30x.o
 .ARM.attributes
                0x0000011d       0x39 src/usb_desc.o
 .ARM.attributes
                0x00000156       0x39 src/usb_endp.o
 .ARM.attributes
                0x0000018f       0x39 src/usb_istr.o
 .ARM.attributes
                0x000001c8       0x39 src/usb_prop.o
 .ARM.attributes
                0x00000201       0x39 src/usb_pwr.o
 .ARM.attributes
                0x0000023a       0x39 stm32f3_discovery.a(stm32f3_discovery.o)
 .ARM.attributes
                0x00000273       0x39 stm32f3_discovery.a(stm32f3_discovery_l3gd20.o)
 .ARM.attributes
                0x000002ac       0x39 stm32f3_discovery.a(stm32f3_discovery_lsm303dlhc.o)
 .ARM.attributes
                0x000002e5       0x39 stm32f30x_stdperiph_driver.a(stm32f30x_exti.o)
 .ARM.attributes
                0x0000031e       0x39 stm32f30x_stdperiph_driver.a(stm32f30x_flash.o)
 .ARM.attributes
                0x00000357       0x39 stm32f30x_stdperiph_driver.a(stm32f30x_gpio.o)
 .ARM.attributes
                0x00000390       0x39 stm32f30x_stdperiph_driver.a(stm32f30x_i2c.o)
 .ARM.attributes
                0x000003c9       0x39 stm32f30x_stdperiph_driver.a(stm32f30x_misc.o)
 .ARM.attributes
                0x00000402       0x39 stm32f30x_stdperiph_driver.a(stm32f30x_rcc.o)
 .ARM.attributes
                0x0000043b       0x39 stm32f30x_stdperiph_driver.a(stm32f30x_spi.o)
 .ARM.attributes
                0x00000474       0x39 stm32f30x_stdperiph_driver.a(stm32f30x_syscfg.o)
 .ARM.attributes
                0x000004ad       0x39 stm32_usbfs_driver.a(usb_core.o)
 .ARM.attributes
                0x000004e6       0x39 stm32_usbfs_driver.a(usb_init.o)
 .ARM.attributes
                0x0000051f       0x39 stm32_usbfs_driver.a(usb_int.o)
 .ARM.attributes
                0x00000558       0x39 stm32_usbfs_driver.a(usb_mem.o)
 .ARM.attributes
                0x00000591       0x39 stm32_usbfs_driver.a(usb_regs.o)
 .ARM.attributes
                0x000005ca       0x39 stm32_usbfs_driver.a(usb_sil.o)
 .ARM.attributes
                0x00000603       0x21 startup.o
OUTPUT(stm32f3_HID_for_real.elf elf32-littlearm)

.debug_info     0x00000000     0xb9e2
 .debug_info    0x00000000      0x8be src/hw_config.o
 .debug_info    0x000008be      0xde0 src/main.o
 .debug_info    0x0000169e     0x1278 src/peripherals.o
 .debug_info    0x00002916      0x181 src/stm32f30x_it.o
 .debug_info    0x00002a97      0x470 src/system_stm32f30x.o
 .debug_info    0x00002f07      0x197 src/usb_desc.o
 .debug_info    0x0000309e       0xde src/usb_endp.o
 .debug_info    0x0000317c      0x2c2 src/usb_istr.o
 .debug_info    0x0000343e      0xccd src/usb_prop.o
 .debug_info    0x0000410b      0x2b9 src/usb_pwr.o
 .debug_info    0x000043c4      0x82b stm32f3_discovery.a(stm32f3_discovery.o)
 .debug_info    0x00004bef      0x7b5 stm32f3_discovery.a(stm32f3_discovery_l3gd20.o)
 .debug_info    0x000053a4      0x96f stm32f3_discovery.a(stm32f3_discovery_lsm303dlhc.o)
 .debug_info    0x00005d13      0x3a2 stm32f30x_stdperiph_driver.a(stm32f30x_exti.o)
 .debug_info    0x000060b5      0x7a3 stm32f30x_stdperiph_driver.a(stm32f30x_flash.o)
 .debug_info    0x00006858      0x5d2 stm32f30x_stdperiph_driver.a(stm32f30x_gpio.o)
 .debug_info    0x00006e2a      0xbb6 stm32f30x_stdperiph_driver.a(stm32f30x_i2c.o)
 .debug_info    0x000079e0      0x520 stm32f30x_stdperiph_driver.a(stm32f30x_misc.o)
 .debug_info    0x00007f00      0xa84 stm32f30x_stdperiph_driver.a(stm32f30x_rcc.o)
 .debug_info    0x00008984      0xb4a stm32f30x_stdperiph_driver.a(stm32f30x_spi.o)
 .debug_info    0x000094ce      0x3a9 stm32f30x_stdperiph_driver.a(stm32f30x_syscfg.o)
 .debug_info    0x00009877      0xb36 stm32_usbfs_driver.a(usb_core.o)
 .debug_info    0x0000a3ad      0x433 stm32_usbfs_driver.a(usb_init.o)
 .debug_info    0x0000a7e0      0x1cb stm32_usbfs_driver.a(usb_int.o)
 .debug_info    0x0000a9ab      0x1aa stm32_usbfs_driver.a(usb_mem.o)
 .debug_info    0x0000ab55      0xc7f stm32_usbfs_driver.a(usb_regs.o)
 .debug_info    0x0000b7d4      0x15e stm32_usbfs_driver.a(usb_sil.o)
 .debug_info    0x0000b932       0xb0 startup.o

.debug_abbrev   0x00000000     0x2922
 .debug_abbrev  0x00000000      0x223 src/hw_config.o
 .debug_abbrev  0x00000223      0x2c3 src/main.o
 .debug_abbrev  0x000004e6      0x432 src/peripherals.o
 .debug_abbrev  0x00000918       0x97 src/stm32f30x_it.o
 .debug_abbrev  0x000009af      0x147 src/system_stm32f30x.o
 .debug_abbrev  0x00000af6       0x75 src/usb_desc.o
 .debug_abbrev  0x00000b6b       0x78 src/usb_endp.o
 .debug_abbrev  0x00000be3      0x107 src/usb_istr.o
 .debug_abbrev  0x00000cea      0x233 src/usb_prop.o
 .debug_abbrev  0x00000f1d      0x12d src/usb_pwr.o
 .debug_abbrev  0x0000104a      0x185 stm32f3_discovery.a(stm32f3_discovery.o)
 .debug_abbrev  0x000011cf      0x1d3 stm32f3_discovery.a(stm32f3_discovery_l3gd20.o)
 .debug_abbrev  0x000013a2      0x1a1 stm32f3_discovery.a(stm32f3_discovery_lsm303dlhc.o)
 .debug_abbrev  0x00001543      0x17c stm32f30x_stdperiph_driver.a(stm32f30x_exti.o)
 .debug_abbrev  0x000016bf      0x1b4 stm32f30x_stdperiph_driver.a(stm32f30x_flash.o)
 .debug_abbrev  0x00001873      0x196 stm32f30x_stdperiph_driver.a(stm32f30x_gpio.o)
 .debug_abbrev  0x00001a09      0x180 stm32f30x_stdperiph_driver.a(stm32f30x_i2c.o)
 .debug_abbrev  0x00001b89      0x147 stm32f30x_stdperiph_driver.a(stm32f30x_misc.o)
 .debug_abbrev  0x00001cd0      0x1e5 stm32f30x_stdperiph_driver.a(stm32f30x_rcc.o)
 .debug_abbrev  0x00001eb5      0x18b stm32f30x_stdperiph_driver.a(stm32f30x_spi.o)
 .debug_abbrev  0x00002040      0x183 stm32f30x_stdperiph_driver.a(stm32f30x_syscfg.o)
 .debug_abbrev  0x000021c3      0x292 stm32_usbfs_driver.a(usb_core.o)
 .debug_abbrev  0x00002455      0x120 stm32_usbfs_driver.a(usb_init.o)
 .debug_abbrev  0x00002575       0xd0 stm32_usbfs_driver.a(usb_int.o)
 .debug_abbrev  0x00002645       0x9f stm32_usbfs_driver.a(usb_mem.o)
 .debug_abbrev  0x000026e4      0x16f stm32_usbfs_driver.a(usb_regs.o)
 .debug_abbrev  0x00002853       0xbd stm32_usbfs_driver.a(usb_sil.o)
 .debug_abbrev  0x00002910       0x12 startup.o

.debug_aranges  0x00000000      0xe98
 .debug_aranges
                0x00000000       0x60 src/hw_config.o
 .debug_aranges
                0x00000060       0x60 src/main.o
 .debug_aranges
                0x000000c0       0xb8 src/peripherals.o
 .debug_aranges
                0x00000178       0x68 src/stm32f30x_it.o
 .debug_aranges
                0x000001e0       0x30 src/system_stm32f30x.o
 .debug_aranges
                0x00000210       0x18 src/usb_desc.o
 .debug_aranges
                0x00000228       0x28 src/usb_endp.o
 .debug_aranges
                0x00000250       0x20 src/usb_istr.o
 .debug_aranges
                0x00000270       0xa8 src/usb_prop.o
 .debug_aranges
                0x00000318       0x40 src/usb_pwr.o
 .debug_aranges
                0x00000358       0x48 stm32f3_discovery.a(stm32f3_discovery.o)
 .debug_aranges
                0x000003a0       0x80 stm32f3_discovery.a(stm32f3_discovery_l3gd20.o)
 .debug_aranges
                0x00000420       0xa0 stm32f3_discovery.a(stm32f3_discovery_lsm303dlhc.o)
 .debug_aranges
                0x000004c0       0x58 stm32f30x_stdperiph_driver.a(stm32f30x_exti.o)
 .debug_aranges
                0x00000518      0x100 stm32f30x_stdperiph_driver.a(stm32f30x_flash.o)
 .debug_aranges
                0x00000618       0x80 stm32f30x_stdperiph_driver.a(stm32f30x_gpio.o)
 .debug_aranges
                0x00000698      0x168 stm32f30x_stdperiph_driver.a(stm32f30x_i2c.o)
 .debug_aranges
                0x00000800       0x40 stm32f30x_stdperiph_driver.a(stm32f30x_misc.o)
 .debug_aranges
                0x00000840      0x150 stm32f30x_stdperiph_driver.a(stm32f30x_rcc.o)
 .debug_aranges
                0x00000990      0x118 stm32f30x_stdperiph_driver.a(stm32f30x_spi.o)
 .debug_aranges
                0x00000aa8       0x88 stm32f30x_stdperiph_driver.a(stm32f30x_syscfg.o)
 .debug_aranges
                0x00000b30       0xb0 stm32_usbfs_driver.a(usb_core.o)
 .debug_aranges
                0x00000be0       0x20 stm32_usbfs_driver.a(usb_init.o)
 .debug_aranges
                0x00000c00       0x28 stm32_usbfs_driver.a(usb_int.o)
 .debug_aranges
                0x00000c28       0x28 stm32_usbfs_driver.a(usb_mem.o)
 .debug_aranges
                0x00000c50      0x1f0 stm32_usbfs_driver.a(usb_regs.o)
 .debug_aranges
                0x00000e40       0x30 stm32_usbfs_driver.a(usb_sil.o)
 .debug_aranges
                0x00000e70       0x28 startup.o

.debug_ranges   0x00000000      0xec0
 .debug_ranges  0x00000000       0x50 src/hw_config.o
 .debug_ranges  0x00000050       0x50 src/main.o
 .debug_ranges  0x000000a0      0x278 src/peripherals.o
 .debug_ranges  0x00000318       0x58 src/stm32f30x_it.o
 .debug_ranges  0x00000370       0x20 src/system_stm32f30x.o
 .debug_ranges  0x00000390       0x18 src/usb_endp.o
 .debug_ranges  0x000003a8       0x10 src/usb_istr.o
 .debug_ranges  0x000003b8       0x98 src/usb_prop.o
 .debug_ranges  0x00000450       0x30 src/usb_pwr.o
 .debug_ranges  0x00000480       0x38 stm32f3_discovery.a(stm32f3_discovery.o)
 .debug_ranges  0x000004b8       0x70 stm32f3_discovery.a(stm32f3_discovery_l3gd20.o)
 .debug_ranges  0x00000528       0x90 stm32f3_discovery.a(stm32f3_discovery_lsm303dlhc.o)
 .debug_ranges  0x000005b8       0x48 stm32f30x_stdperiph_driver.a(stm32f30x_exti.o)
 .debug_ranges  0x00000600       0xf0 stm32f30x_stdperiph_driver.a(stm32f30x_flash.o)
 .debug_ranges  0x000006f0       0x70 stm32f30x_stdperiph_driver.a(stm32f30x_gpio.o)
 .debug_ranges  0x00000760      0x158 stm32f30x_stdperiph_driver.a(stm32f30x_i2c.o)
 .debug_ranges  0x000008b8       0x30 stm32f30x_stdperiph_driver.a(stm32f30x_misc.o)
 .debug_ranges  0x000008e8      0x140 stm32f30x_stdperiph_driver.a(stm32f30x_rcc.o)
 .debug_ranges  0x00000a28      0x108 stm32f30x_stdperiph_driver.a(stm32f30x_spi.o)
 .debug_ranges  0x00000b30       0x78 stm32f30x_stdperiph_driver.a(stm32f30x_syscfg.o)
 .debug_ranges  0x00000ba8       0xb8 stm32_usbfs_driver.a(usb_core.o)
 .debug_ranges  0x00000c60       0x10 stm32_usbfs_driver.a(usb_init.o)
 .debug_ranges  0x00000c70       0x18 stm32_usbfs_driver.a(usb_int.o)
 .debug_ranges  0x00000c88       0x18 stm32_usbfs_driver.a(usb_mem.o)
 .debug_ranges  0x00000ca0      0x1e0 stm32_usbfs_driver.a(usb_regs.o)
 .debug_ranges  0x00000e80       0x20 stm32_usbfs_driver.a(usb_sil.o)
 .debug_ranges  0x00000ea0       0x20 startup.o

.debug_line     0x00000000     0x4a1d
 .debug_line    0x00000000      0x2a7 src/hw_config.o
 .debug_line    0x000002a7      0x36b src/main.o
 .debug_line    0x00000612      0x575 src/peripherals.o
 .debug_line    0x00000b87      0x177 src/stm32f30x_it.o
 .debug_line    0x00000cfe      0x16d src/system_stm32f30x.o
 .debug_line    0x00000e6b       0xa4 src/usb_desc.o
 .debug_line    0x00000f0f       0xe1 src/usb_endp.o
 .debug_line    0x00000ff0      0x137 src/usb_istr.o
 .debug_line    0x00001127      0x2f2 src/usb_prop.o
 .debug_line    0x00001419      0x1d7 src/usb_pwr.o
 .debug_line    0x000015f0      0x204 stm32f3_discovery.a(stm32f3_discovery.o)
 .debug_line    0x000017f4      0x2f4 stm32f3_discovery.a(stm32f3_discovery_l3gd20.o)
 .debug_line    0x00001ae8      0x3e0 stm32f3_discovery.a(stm32f3_discovery_lsm303dlhc.o)
 .debug_line    0x00001ec8      0x211 stm32f30x_stdperiph_driver.a(stm32f30x_exti.o)
 .debug_line    0x000020d9      0x41b stm32f30x_stdperiph_driver.a(stm32f30x_flash.o)
 .debug_line    0x000024f4      0x282 stm32f30x_stdperiph_driver.a(stm32f30x_gpio.o)
 .debug_line    0x00002776      0x4cc stm32f30x_stdperiph_driver.a(stm32f30x_i2c.o)
 .debug_line    0x00002c42      0x1b7 stm32f30x_stdperiph_driver.a(stm32f30x_misc.o)
 .debug_line    0x00002df9      0x4ed stm32f30x_stdperiph_driver.a(stm32f30x_rcc.o)
 .debug_line    0x000032e6      0x456 stm32f30x_stdperiph_driver.a(stm32f30x_spi.o)
 .debug_line    0x0000373c      0x227 stm32f30x_stdperiph_driver.a(stm32f30x_syscfg.o)
 .debug_line    0x00003963      0x455 stm32_usbfs_driver.a(usb_core.o)
 .debug_line    0x00003db8      0x118 stm32_usbfs_driver.a(usb_init.o)
 .debug_line    0x00003ed0      0x202 stm32_usbfs_driver.a(usb_int.o)
 .debug_line    0x000040d2      0x133 stm32_usbfs_driver.a(usb_mem.o)
 .debug_line    0x00004205      0x62c stm32_usbfs_driver.a(usb_regs.o)
 .debug_line    0x00004831      0x13e stm32_usbfs_driver.a(usb_sil.o)
 .debug_line    0x0000496f       0xae startup.o

.debug_str      0x00000000     0x4744
 .debug_str     0x00000000      0xb29 src/hw_config.o
                                0xbab (size before relaxing)
 .debug_str     0x00000b29      0x688 src/main.o
                                0xd04 (size before relaxing)
 .debug_str     0x000011b1      0x716 src/peripherals.o
                                0x8eb (size before relaxing)
 .debug_str     0x000018c7      0x138 src/stm32f30x_it.o
                                0x2d6 (size before relaxing)
 .debug_str     0x000019ff       0xff src/system_stm32f30x.o
                                0x32a (size before relaxing)
 .debug_str     0x00001afe       0x82 src/usb_desc.o
                                0x230 (size before relaxing)
 .debug_str     0x00001b80       0x30 src/usb_endp.o
                                0x1f7 (size before relaxing)
 .debug_str     0x00001bb0      0x137 src/usb_istr.o
                                0x3ba (size before relaxing)
 .debug_str     0x00001ce7      0x4bb src/usb_prop.o
                                0xc28 (size before relaxing)
 .debug_str     0x000021a2       0x5f src/usb_pwr.o
                                0x376 (size before relaxing)
 .debug_str     0x00002201       0xea stm32f3_discovery.a(stm32f3_discovery.o)
                                0xab5 (size before relaxing)
 .debug_str     0x000022eb      0x358 stm32f3_discovery.a(stm32f3_discovery_l3gd20.o)
                                0x775 (size before relaxing)
 .debug_str     0x00002643      0x34d stm32f3_discovery.a(stm32f3_discovery_lsm303dlhc.o)
                                0x965 (size before relaxing)
 .debug_str     0x00002990      0x124 stm32f30x_stdperiph_driver.a(stm32f30x_exti.o)
                                0x3dc (size before relaxing)
 .debug_str     0x00002ab4      0x2e4 stm32f30x_stdperiph_driver.a(stm32f30x_flash.o)
                                0x5de (size before relaxing)
 .debug_str     0x00002d98      0x162 stm32f30x_stdperiph_driver.a(stm32f30x_gpio.o)
                                0x4df (size before relaxing)
 .debug_str     0x00002efa      0x3be stm32f30x_stdperiph_driver.a(stm32f30x_i2c.o)
                                0x694 (size before relaxing)
 .debug_str     0x000032b8       0xf9 stm32f30x_stdperiph_driver.a(stm32f30x_misc.o)
                                0x420 (size before relaxing)
 .debug_str     0x000033b1      0x445 stm32f30x_stdperiph_driver.a(stm32f30x_rcc.o)
                                0x83b (size before relaxing)
 .debug_str     0x000037f6      0x3c2 stm32f30x_stdperiph_driver.a(stm32f30x_spi.o)
                                0x80e (size before relaxing)
 .debug_str     0x00003bb8      0x263 stm32f30x_stdperiph_driver.a(stm32f30x_syscfg.o)
                                0x452 (size before relaxing)
 .debug_str     0x00003e1b      0x38d stm32_usbfs_driver.a(usb_core.o)
                                0xaa6 (size before relaxing)
 .debug_str     0x000041a8       0x4f stm32_usbfs_driver.a(usb_init.o)
                                0x585 (size before relaxing)
 .debug_str     0x000041f7       0x48 stm32_usbfs_driver.a(usb_int.o)
                                0x239 (size before relaxing)
 .debug_str     0x0000423f       0x85 stm32_usbfs_driver.a(usb_mem.o)
                                0x23a (size before relaxing)
 .debug_str     0x000042c4      0x3f7 stm32_usbfs_driver.a(usb_regs.o)
                                0x5c2 (size before relaxing)
 .debug_str     0x000046bb       0x89 stm32_usbfs_driver.a(usb_sil.o)
                                0x248 (size before relaxing)

.comment        0x00000000       0x70
 .comment       0x00000000       0x70 src/hw_config.o
                                 0x71 (size before relaxing)
 .comment       0x00000000       0x71 src/main.o
 .comment       0x00000000       0x71 src/peripherals.o
 .comment       0x00000000       0x71 src/stm32f30x_it.o
 .comment       0x00000000       0x71 src/system_stm32f30x.o
 .comment       0x00000000       0x71 src/usb_desc.o
 .comment       0x00000000       0x71 src/usb_endp.o
 .comment       0x00000000       0x71 src/usb_istr.o
 .comment       0x00000000       0x71 src/usb_prop.o
 .comment       0x00000000       0x71 src/usb_pwr.o
 .comment       0x00000000       0x71 stm32f3_discovery.a(stm32f3_discovery.o)
 .comment       0x00000000       0x71 stm32f3_discovery.a(stm32f3_discovery_l3gd20.o)
 .comment       0x00000000       0x71 stm32f3_discovery.a(stm32f3_discovery_lsm303dlhc.o)
 .comment       0x00000000       0x71 stm32f30x_stdperiph_driver.a(stm32f30x_exti.o)
 .comment       0x00000000       0x71 stm32f30x_stdperiph_driver.a(stm32f30x_flash.o)
 .comment       0x00000000       0x71 stm32f30x_stdperiph_driver.a(stm32f30x_gpio.o)
 .comment       0x00000000       0x71 stm32f30x_stdperiph_driver.a(stm32f30x_i2c.o)
 .comment       0x00000000       0x71 stm32f30x_stdperiph_driver.a(stm32f30x_misc.o)
 .comment       0x00000000       0x71 stm32f30x_stdperiph_driver.a(stm32f30x_rcc.o)
 .comment       0x00000000       0x71 stm32f30x_stdperiph_driver.a(stm32f30x_spi.o)
 .comment       0x00000000       0x71 stm32f30x_stdperiph_driver.a(stm32f30x_syscfg.o)
 .comment       0x00000000       0x71 stm32_usbfs_driver.a(usb_core.o)
 .comment       0x00000000       0x71 stm32_usbfs_driver.a(usb_init.o)
 .comment       0x00000000       0x71 stm32_usbfs_driver.a(usb_int.o)
 .comment       0x00000000       0x71 stm32_usbfs_driver.a(usb_mem.o)
 .comment       0x00000000       0x71 stm32_usbfs_driver.a(usb_regs.o)
 .comment       0x00000000       0x71 stm32_usbfs_driver.a(usb_sil.o)

.debug_frame    0x00000000     0x2c24
 .debug_frame   0x00000000      0x124 src/hw_config.o
 .debug_frame   0x00000124      0x118 src/main.o
 .debug_frame   0x0000023c      0x230 src/peripherals.o
 .debug_frame   0x0000046c      0x108 src/stm32f30x_it.o
 .debug_frame   0x00000574       0x64 src/system_stm32f30x.o
 .debug_frame   0x000005d8       0x40 src/usb_endp.o
 .debug_frame   0x00000618       0x2c src/usb_istr.o
 .debug_frame   0x00000644      0x218 src/usb_prop.o
 .debug_frame   0x0000085c       0xac src/usb_pwr.o
 .debug_frame   0x00000908       0xc4 stm32f3_discovery.a(stm32f3_discovery.o)
 .debug_frame   0x000009cc      0x1a8 stm32f3_discovery.a(stm32f3_discovery_l3gd20.o)
 .debug_frame   0x00000b74      0x228 stm32f3_discovery.a(stm32f3_discovery_lsm303dlhc.o)
 .debug_frame   0x00000d9c       0xec stm32f30x_stdperiph_driver.a(stm32f30x_exti.o)
 .debug_frame   0x00000e88      0x358 stm32f30x_stdperiph_driver.a(stm32f30x_flash.o)
 .debug_frame   0x000011e0      0x180 stm32f30x_stdperiph_driver.a(stm32f30x_gpio.o)
 .debug_frame   0x00001360      0x4ac stm32f30x_stdperiph_driver.a(stm32f30x_i2c.o)
 .debug_frame   0x0000180c       0x9c stm32f30x_stdperiph_driver.a(stm32f30x_misc.o)
 .debug_frame   0x000018a8      0x44c stm32f30x_stdperiph_driver.a(stm32f30x_rcc.o)
 .debug_frame   0x00001cf4      0x398 stm32f30x_stdperiph_driver.a(stm32f30x_spi.o)
 .debug_frame   0x0000208c      0x194 stm32f30x_stdperiph_driver.a(stm32f30x_syscfg.o)
 .debug_frame   0x00002220      0x254 stm32_usbfs_driver.a(usb_core.o)
 .debug_frame   0x00002474       0x2c stm32_usbfs_driver.a(usb_init.o)
 .debug_frame   0x000024a0       0x50 stm32_usbfs_driver.a(usb_int.o)
 .debug_frame   0x000024f0       0x48 stm32_usbfs_driver.a(usb_mem.o)
 .debug_frame   0x00002538      0x684 stm32_usbfs_driver.a(usb_regs.o)
 .debug_frame   0x00002bbc       0x68 stm32_usbfs_driver.a(usb_sil.o)

.debug_loc      0x00000000      0xc8f
 .debug_loc     0x00000000      0xc8f src/peripherals.o
